2024-11-21 09:07:20 +0000  Initial pipeline context: <IDEDistributionProcessingPipelineContext: 0x368c05f20; archive(resolved)="<IDEArchive: 0x600030e60ea0>", distributionTask(resolved)="2", distributionDestination(resolved)="1", distributionMethod(resolved)="<IDEDistributionMethodiOSEnterprise: 0x60000a865b30>", team(resolved)="<IDEProvisioningDisambiguatableBasicTeam: 0x600003599e00; teamID='S45JLX7U95', teamName='Aspire Systems (India) Private Limited', teamType='Enterprise', username='swaroop.thonda@aspiresys.com', isFreeProvisioningTeam='0'>">
	Chain (15, self inclusive):
	<IDEDistributionProcessingPipelineContext: 0x368c05f20; archive = "<IDEArchive: 0x600030e60ea0>", distributionMethod="<IDEDistributionMethodiOSEnterprise: 0x60000a865b30>", team="<IDEProvisioningDisambiguatableBasicTeam: 0x600003599e00; teamID='S45JLX7U95', teamName='Aspire Systems (India) Private Limited', teamType='Enterprise', username='swaroop.thonda@aspiresys.com', isFreeProvisioningTeam='0'>">
	<IDEDistributionProcessingPipelineContext: 0x3361f8d80; archive = "<IDEArchive: 0x600030e60ea0>", distributionMethod="<IDEDistributionMethodiOSEnterprise: 0x60000a865b30>", team="<IDEProvisioningDisambiguatableBasicTeam: 0x600003599e00; teamID='S45JLX7U95', teamName='Aspire Systems (India) Private Limited', teamType='Enterprise', username='swaroop.thonda@aspiresys.com', isFreeProvisioningTeam='0'>">
	<IDEDistributionContext: 0x1426a5440; archive = "<IDEArchive: 0x600030e60ea0>", distributionMethod="<IDEDistributionMethodiOSEnterprise: 0x60000a865b30>", team="<IDEProvisioningDisambiguatableBasicTeam: 0x600003599e00; teamID='S45JLX7U95', teamName='Aspire Systems (India) Private Limited', teamType='Enterprise', username='swaroop.thonda@aspiresys.com', isFreeProvisioningTeam='0'>">
	<IDEDistributionContext: 0x365968a40; archive = "<IDEArchive: 0x600030e60ea0>", distributionMethod="<IDEDistributionMethodiOSEnterprise: 0x60000a865b30>", team="<IDEProvisioningDisambiguatableBasicTeam: 0x600003599e00; teamID='S45JLX7U95', teamName='Aspire Systems (India) Private Limited', teamType='Enterprise', username='swaroop.thonda@aspiresys.com', isFreeProvisioningTeam='0'>">
	<IDEDistributionContext: 0x3663c9f90; archive = "<IDEArchive: 0x600030e60ea0>", distributionMethod="<IDEDistributionMethodiOSEnterprise: 0x60000a865b30>", team="<IDEProvisioningDisambiguatableBasicTeam: 0x600003599e00; teamID='S45JLX7U95', teamName='Aspire Systems (India) Private Limited', teamType='Enterprise', username='swaroop.thonda@aspiresys.com', isFreeProvisioningTeam='0'>">
	<IDEDistributionContext: 0x3662d87b0; archive = "<IDEArchive: 0x600030e60ea0>", distributionMethod="<IDEDistributionMethodiOSEnterprise: 0x60000a865b30>", team="<IDEProvisioningDisambiguatableBasicTeam: 0x600003599e00; teamID='S45JLX7U95', teamName='Aspire Systems (India) Private Limited', teamType='Enterprise', username='swaroop.thonda@aspiresys.com', isFreeProvisioningTeam='0'>">
	<IDEDistributionContext: 0x336136cc0; archive = "<IDEArchive: 0x600030e60ea0>", distributionMethod="<IDEDistributionMethodiOSEnterprise: 0x60000a865b30>", team="<IDEProvisioningDisambiguatableBasicTeam: 0x600003599e00; teamID='S45JLX7U95', teamName='Aspire Systems (India) Private Limited', teamType='Enterprise', username='swaroop.thonda@aspiresys.com', isFreeProvisioningTeam='0'>">
	<IDEDistributionContext: 0x3361e4a00; archive = "<IDEArchive: 0x600030e60ea0>", distributionMethod="<IDEDistributionMethodiOSEnterprise: 0x60000a865b30>", team="<IDEProvisioningDisambiguatableBasicTeam: 0x600003599e00; teamID='S45JLX7U95', teamName='Aspire Systems (India) Private Limited', teamType='Enterprise', username='swaroop.thonda@aspiresys.com', isFreeProvisioningTeam='0'>">
	<IDEDistributionContext: 0x33c7f0e60; archive = "<IDEArchive: 0x600030e60ea0>", distributionMethod="<IDEDistributionMethodiOSEnterprise: 0x60000a865b30>", team="<IDEProvisioningDisambiguatableBasicTeam: 0x600003599e00; teamID='S45JLX7U95', teamName='Aspire Systems (India) Private Limited', teamType='Enterprise', username='swaroop.thonda@aspiresys.com', isFreeProvisioningTeam='0'>">
	<IDEDistributionContext: 0x338aca130; archive = "<IDEArchive: 0x600030e60ea0>", distributionMethod="<IDEDistributionMethodiOSEnterprise: 0x60000a865b30>", team="(null)">
	<IDEDistributionContext: 0x33772e720; archive = "<IDEArchive: 0x600030e60ea0>", distributionMethod="<IDEDistributionMethodiOSEnterprise: 0x60000a865b30>", team="(null)">
	<IDEDistributionContext: 0x337766390; archive = "<IDEArchive: 0x600030e60ea0>", distributionMethod="<IDEDistributionMethodiOSEnterprise: 0x60000a865b30>", team="(null)">
	<IDEDistributionContext: 0x3361130d0; archive = "<IDEArchive: 0x600030e60ea0>", distributionMethod="<IDEDistributionMethodiOSEnterprise: 0x60000a865b30>", team="(null)">
	<IDEDistributionContext: 0x3689ecf40; archive = "<IDEArchive: 0x600030e60ea0>", distributionMethod="(null)", team="(null)">
	<IDEDistributionContext: 0x36890f2d0; archive = "<IDEArchive: 0x600030e60ea0>", distributionMethod="(null)", team="(null)">
</IDEDistributionProcessingPipelineContext: 0x368c05f20>
2024-11-21 09:07:20 +0000  Processing step: IDEDistributionCreateDestRootStep
2024-11-21 09:07:20 +0000  Processing step: IDEDistributionCopyItemStep
2024-11-21 09:07:20 +0000  Running /usr/bin/ditto '-V' '/Users/saiswaroop.thonda/Library/Developer/Xcode/Archives/2024-11-21/caveXpert 21-11-24, 2.36 PM.xcarchive/Products/Applications/caveXpert.app' '/var/folders/7p/fql85rjs0ng2wtgdc_7m4m38ystyd0/T/XcodeDistPipeline.~~~BmqqlC/Root/Payload/caveXpert.app'
2024-11-21 09:07:20 +0000  >>> Copying /Users/saiswaroop.thonda/Library/Developer/Xcode/Archives/2024-11-21/caveXpert 21-11-24, 2.36 PM.xcarchive/Products/Applications/caveXpert.app 
2024-11-21 09:07:20 +0000  copying file ./_CodeSignature/CodeResources ... 
2024-11-21 09:07:20 +0000  47918 bytes for ./_CodeSignature/CodeResources
2024-11-21 09:07:20 +0000  copying file ./Fontisto.ttf ... 
2024-11-21 09:07:20 +0000  313528 bytes for ./Fontisto.ttf
2024-11-21 09:07:20 +0000  copying file ./Octicons.ttf ... 
2024-11-21 09:07:20 +0000  49404 bytes for ./Octicons.ttf
copying file ./Feather.ttf ... 
2024-11-21 09:07:20 +0000  56228 bytes for ./Feather.ttf
2024-11-21 09:07:20 +0000  copying file ./FontAwesome6_Regular.ttf ... 
2024-11-21 09:07:20 +0000  63348 bytes for ./FontAwesome6_Regular.ttf
2024-11-21 09:07:20 +0000  copying file ./Entypo.ttf ... 
2024-11-21 09:07:20 +0000  66200 bytes for ./Entypo.ttf
2024-11-21 09:07:20 +0000  copying file ./FontAwesome5_Brands.ttf ... 
2024-11-21 09:07:20 +0000  134040 bytes for ./FontAwesome5_Brands.ttf
2024-11-21 09:07:20 +0000  copying file ./MaterialCommunityIcons.ttf ... 
2024-11-21 09:07:20 +0000  1147844 bytes for ./MaterialCommunityIcons.ttf
2024-11-21 09:07:20 +0000  copying file ./AppIcon60x60@2x.png ... 
2024-11-21 09:07:20 +0000  2721 bytes for ./AppIcon60x60@2x.png
2024-11-21 09:07:20 +0000  copying file ./AntDesign.ttf ... 
2024-11-21 09:07:20 +0000  70344 bytes for ./AntDesign.ttf
2024-11-21 09:07:20 +0000  copying file ./Launch Screen.storyboardc/01J-lp-oVM-view-Ze5-6b-2t3.nib ... 
2024-11-21 09:07:20 +0000  3720 bytes for ./Launch Screen.storyboardc/01J-lp-oVM-view-Ze5-6b-2t3.nib
2024-11-21 09:07:20 +0000  copying file ./Launch Screen.storyboardc/UIViewController-01J-lp-oVM.nib ... 
2024-11-21 09:07:20 +0000  924 bytes for ./Launch Screen.storyboardc/UIViewController-01J-lp-oVM.nib
2024-11-21 09:07:20 +0000  copying file ./Launch Screen.storyboardc/Info.plist ... 
2024-11-21 09:07:20 +0000  258 bytes for ./Launch Screen.storyboardc/Info.plist
2024-11-21 09:07:20 +0000  copying file ./Foundation.ttf ... 
2024-11-21 09:07:20 +0000  56976 bytes for ./Foundation.ttf
2024-11-21 09:07:20 +0000  copying file ./Ionicons.ttf ... 
2024-11-21 09:07:20 +0000  442604 bytes for ./Ionicons.ttf
2024-11-21 09:07:20 +0000  copying file ./FontAwesome5_Solid.ttf ... 
2024-11-21 09:07:20 +0000  202744 bytes for ./FontAwesome5_Solid.ttf
2024-11-21 09:07:20 +0000  copying file ./FontAwesome5_Regular.ttf ... 
2024-11-21 09:07:20 +0000  33736 bytes for ./FontAwesome5_Regular.ttf
2024-11-21 09:07:20 +0000  copying file ./FontAwesome.ttf ... 
2024-11-21 09:07:20 +0000  165548 bytes for ./FontAwesome.ttf
2024-11-21 09:07:20 +0000  copying file ./Zocial.ttf ... 
2024-11-21 09:07:20 +0000  25788 bytes for ./Zocial.ttf
2024-11-21 09:07:20 +0000  copying file ./Assets.car ... 
2024-11-21 09:07:20 +0000  84424 bytes for ./Assets.car
2024-11-21 09:07:20 +0000  copying file ./EvilIcons.ttf ... 
2024-11-21 09:07:20 +0000  13456 bytes for ./EvilIcons.ttf
copying file ./main.jsbundle ... 
2024-11-21 09:07:20 +0000  4441895 bytes for ./main.jsbundle
2024-11-21 09:07:20 +0000  copying file ./RCTI18nStrings.bundle/de.lproj/Localizable.strings ... 
2024-11-21 09:07:20 +0000  64 bytes for ./RCTI18nStrings.bundle/de.lproj/Localizable.strings
2024-11-21 09:07:20 +0000  copying file ./RCTI18nStrings.bundle/de.lproj/fbt_language_pack.bin ... 
2024-11-21 09:07:20 +0000  1312 bytes for ./RCTI18nStrings.bundle/de.lproj/fbt_language_pack.bin
2024-11-21 09:07:20 +0000  copying file ./RCTI18nStrings.bundle/he.lproj/Localizable.strings ... 
2024-11-21 09:07:20 +0000  64 bytes for ./RCTI18nStrings.bundle/he.lproj/Localizable.strings
2024-11-21 09:07:20 +0000  copying file ./RCTI18nStrings.bundle/he.lproj/fbt_language_pack.bin ... 
2024-11-21 09:07:20 +0000  1444 bytes for ./RCTI18nStrings.bundle/he.lproj/fbt_language_pack.bin
2024-11-21 09:07:20 +0000  copying file ./RCTI18nStrings.bundle/ar.lproj/Localizable.strings ... 
2024-11-21 09:07:20 +0000  64 bytes for ./RCTI18nStrings.bundle/ar.lproj/Localizable.strings
2024-11-21 09:07:20 +0000  copying file ./RCTI18nStrings.bundle/ar.lproj/fbt_language_pack.bin ... 
2024-11-21 09:07:20 +0000  1500 bytes for ./RCTI18nStrings.bundle/ar.lproj/fbt_language_pack.bin
2024-11-21 09:07:20 +0000  copying file ./RCTI18nStrings.bundle/el.lproj/Localizable.strings ... 
2024-11-21 09:07:20 +0000  64 bytes for ./RCTI18nStrings.bundle/el.lproj/Localizable.strings
2024-11-21 09:07:20 +0000  copying file ./RCTI18nStrings.bundle/el.lproj/fbt_language_pack.bin ... 
2024-11-21 09:07:20 +0000  1600 bytes for ./RCTI18nStrings.bundle/el.lproj/fbt_language_pack.bin
2024-11-21 09:07:20 +0000  copying file ./RCTI18nStrings.bundle/zh-Hans.lproj/Localizable.strings ... 
2024-11-21 09:07:20 +0000  64 bytes for ./RCTI18nStrings.bundle/zh-Hans.lproj/Localizable.strings
2024-11-21 09:07:20 +0000  copying file ./RCTI18nStrings.bundle/zh-Hans.lproj/fbt_language_pack.bin ... 
2024-11-21 09:07:20 +0000  1296 bytes for ./RCTI18nStrings.bundle/zh-Hans.lproj/fbt_language_pack.bin
2024-11-21 09:07:20 +0000  copying file ./RCTI18nStrings.bundle/ja.lproj/Localizable.strings ... 
2024-11-21 09:07:20 +0000  64 bytes for ./RCTI18nStrings.bundle/ja.lproj/Localizable.strings
2024-11-21 09:07:20 +0000  copying file ./RCTI18nStrings.bundle/ja.lproj/fbt_language_pack.bin ... 
2024-11-21 09:07:20 +0000  1436 bytes for ./RCTI18nStrings.bundle/ja.lproj/fbt_language_pack.bin
2024-11-21 09:07:20 +0000  copying file ./RCTI18nStrings.bundle/en.lproj/Localizable.strings ... 
2024-11-21 09:07:20 +0000  64 bytes for ./RCTI18nStrings.bundle/en.lproj/Localizable.strings
2024-11-21 09:07:20 +0000  copying file ./RCTI18nStrings.bundle/zh-Hant-HK.lproj/Localizable.strings ... 
2024-11-21 09:07:20 +0000  64 bytes for ./RCTI18nStrings.bundle/zh-Hant-HK.lproj/Localizable.strings
2024-11-21 09:07:20 +0000  copying file ./RCTI18nStrings.bundle/zh-Hant-HK.lproj/fbt_language_pack.bin ... 
2024-11-21 09:07:20 +0000  1296 bytes for ./RCTI18nStrings.bundle/zh-Hant-HK.lproj/fbt_language_pack.bin
2024-11-21 09:07:20 +0000  copying file ./RCTI18nStrings.bundle/uk.lproj/Localizable.strings ... 
2024-11-21 09:07:20 +0000  64 bytes for ./RCTI18nStrings.bundle/uk.lproj/Localizable.strings
2024-11-21 09:07:20 +0000  copying file ./RCTI18nStrings.bundle/uk.lproj/fbt_language_pack.bin ... 
2024-11-21 09:07:20 +0000  1564 bytes for ./RCTI18nStrings.bundle/uk.lproj/fbt_language_pack.bin
2024-11-21 09:07:20 +0000  copying file ./RCTI18nStrings.bundle/nb.lproj/Localizable.strings ... 
2024-11-21 09:07:20 +0000  64 bytes for ./RCTI18nStrings.bundle/nb.lproj/Localizable.strings
2024-11-21 09:07:20 +0000  copying file ./RCTI18nStrings.bundle/nb.lproj/fbt_language_pack.bin ... 
2024-11-21 09:07:20 +0000  1296 bytes for ./RCTI18nStrings.bundle/nb.lproj/fbt_language_pack.bin
2024-11-21 09:07:20 +0000  copying file ./RCTI18nStrings.bundle/en-GB.lproj/Localizable.strings ... 
2024-11-21 09:07:20 +0000  64 bytes for ./RCTI18nStrings.bundle/en-GB.lproj/Localizable.strings
2024-11-21 09:07:20 +0000  copying file ./RCTI18nStrings.bundle/en-GB.lproj/fbt_language_pack.bin ... 
2024-11-21 09:07:20 +0000  1268 bytes for ./RCTI18nStrings.bundle/en-GB.lproj/fbt_language_pack.bin
2024-11-21 09:07:20 +0000  copying file ./RCTI18nStrings.bundle/es.lproj/Localizable.strings ... 
2024-11-21 09:07:20 +0000  64 bytes for ./RCTI18nStrings.bundle/es.lproj/Localizable.strings
2024-11-21 09:07:20 +0000  copying file ./RCTI18nStrings.bundle/es.lproj/fbt_language_pack.bin ... 
2024-11-21 09:07:20 +0000  1364 bytes for ./RCTI18nStrings.bundle/es.lproj/fbt_language_pack.bin
2024-11-21 09:07:20 +0000  copying file ./RCTI18nStrings.bundle/da.lproj/Localizable.strings ... 
2024-11-21 09:07:20 +0000  64 bytes for ./RCTI18nStrings.bundle/da.lproj/Localizable.strings
2024-11-21 09:07:20 +0000  copying file ./RCTI18nStrings.bundle/da.lproj/fbt_language_pack.bin ... 
2024-11-21 09:07:20 +0000  1300 bytes for ./RCTI18nStrings.bundle/da.lproj/fbt_language_pack.bin
2024-11-21 09:07:20 +0000  copying file ./RCTI18nStrings.bundle/it.lproj/Localizable.strings ... 
2024-11-21 09:07:20 +0000  64 bytes for ./RCTI18nStrings.bundle/it.lproj/Localizable.strings
2024-11-21 09:07:20 +0000  copying file ./RCTI18nStrings.bundle/it.lproj/fbt_language_pack.bin ... 
2024-11-21 09:07:20 +0000  1388 bytes for ./RCTI18nStrings.bundle/it.lproj/fbt_language_pack.bin
2024-11-21 09:07:20 +0000  copying file ./RCTI18nStrings.bundle/sk.lproj/Localizable.strings ... 
2024-11-21 09:07:20 +0000  64 bytes for ./RCTI18nStrings.bundle/sk.lproj/Localizable.strings
2024-11-21 09:07:20 +0000  copying file ./RCTI18nStrings.bundle/sk.lproj/fbt_language_pack.bin ... 
2024-11-21 09:07:20 +0000  1356 bytes for ./RCTI18nStrings.bundle/sk.lproj/fbt_language_pack.bin
2024-11-21 09:07:20 +0000  copying file ./RCTI18nStrings.bundle/es-ES.lproj/Localizable.strings ... 
2024-11-21 09:07:20 +0000  64 bytes for ./RCTI18nStrings.bundle/es-ES.lproj/Localizable.strings
2024-11-21 09:07:20 +0000  copying file ./RCTI18nStrings.bundle/es-ES.lproj/fbt_language_pack.bin ... 
2024-11-21 09:07:20 +0000  1368 bytes for ./RCTI18nStrings.bundle/es-ES.lproj/fbt_language_pack.bin
2024-11-21 09:07:20 +0000  copying file ./RCTI18nStrings.bundle/ms.lproj/Localizable.strings ... 
2024-11-21 09:07:20 +0000  64 bytes for ./RCTI18nStrings.bundle/ms.lproj/Localizable.strings
2024-11-21 09:07:20 +0000  copying file ./RCTI18nStrings.bundle/ms.lproj/fbt_language_pack.bin ... 
2024-11-21 09:07:20 +0000  1292 bytes for ./RCTI18nStrings.bundle/ms.lproj/fbt_language_pack.bin
2024-11-21 09:07:20 +0000  copying file ./RCTI18nStrings.bundle/sv.lproj/Localizable.strings ... 
2024-11-21 09:07:20 +0000  64 bytes for ./RCTI18nStrings.bundle/sv.lproj/Localizable.strings
2024-11-21 09:07:20 +0000  copying file ./RCTI18nStrings.bundle/sv.lproj/fbt_language_pack.bin ... 
2024-11-21 09:07:20 +0000  1300 bytes for ./RCTI18nStrings.bundle/sv.lproj/fbt_language_pack.bin
2024-11-21 09:07:20 +0000  copying file ./RCTI18nStrings.bundle/cs.lproj/Localizable.strings ... 
2024-11-21 09:07:20 +0000  64 bytes for ./RCTI18nStrings.bundle/cs.lproj/Localizable.strings
2024-11-21 09:07:20 +0000  copying file ./RCTI18nStrings.bundle/cs.lproj/fbt_language_pack.bin ... 
2024-11-21 09:07:20 +0000  1368 bytes for ./RCTI18nStrings.bundle/cs.lproj/fbt_language_pack.bin
2024-11-21 09:07:20 +0000  copying file ./RCTI18nStrings.bundle/ko.lproj/Localizable.strings ... 
2024-11-21 09:07:20 +0000  64 bytes for ./RCTI18nStrings.bundle/ko.lproj/Localizable.strings
2024-11-21 09:07:20 +0000  copying file ./RCTI18nStrings.bundle/ko.lproj/fbt_language_pack.bin ... 
2024-11-21 09:07:20 +0000  1332 bytes for ./RCTI18nStrings.bundle/ko.lproj/fbt_language_pack.bin
2024-11-21 09:07:20 +0000  copying file ./RCTI18nStrings.bundle/zh-Hant.lproj/Localizable.strings ... 
2024-11-21 09:07:20 +0000  64 bytes for ./RCTI18nStrings.bundle/zh-Hant.lproj/Localizable.strings
2024-11-21 09:07:20 +0000  copying file ./RCTI18nStrings.bundle/zh-Hant.lproj/fbt_language_pack.bin ... 
2024-11-21 09:07:20 +0000  1308 bytes for ./RCTI18nStrings.bundle/zh-Hant.lproj/fbt_language_pack.bin
2024-11-21 09:07:20 +0000  copying file ./RCTI18nStrings.bundle/hu.lproj/Localizable.strings ... 
2024-11-21 09:07:20 +0000  64 bytes for ./RCTI18nStrings.bundle/hu.lproj/Localizable.strings
2024-11-21 09:07:20 +0000  copying file ./RCTI18nStrings.bundle/hu.lproj/fbt_language_pack.bin ... 
2024-11-21 09:07:20 +0000  1348 bytes for ./RCTI18nStrings.bundle/hu.lproj/fbt_language_pack.bin
2024-11-21 09:07:20 +0000  copying file ./RCTI18nStrings.bundle/tr.lproj/Localizable.strings ... 
2024-11-21 09:07:20 +0000  64 bytes for ./RCTI18nStrings.bundle/tr.lproj/Localizable.strings
2024-11-21 09:07:20 +0000  copying file ./RCTI18nStrings.bundle/tr.lproj/fbt_language_pack.bin ... 
2024-11-21 09:07:20 +0000  1360 bytes for ./RCTI18nStrings.bundle/tr.lproj/fbt_language_pack.bin
2024-11-21 09:07:20 +0000  copying file ./RCTI18nStrings.bundle/pl.lproj/Localizable.strings ... 
2024-11-21 09:07:20 +0000  64 bytes for ./RCTI18nStrings.bundle/pl.lproj/Localizable.strings
2024-11-21 09:07:20 +0000  copying file ./RCTI18nStrings.bundle/pl.lproj/fbt_language_pack.bin ... 
2024-11-21 09:07:20 +0000  1340 bytes for ./RCTI18nStrings.bundle/pl.lproj/fbt_language_pack.bin
2024-11-21 09:07:20 +0000  copying file ./RCTI18nStrings.bundle/vi.lproj/Localizable.strings ... 
2024-11-21 09:07:20 +0000  64 bytes for ./RCTI18nStrings.bundle/vi.lproj/Localizable.strings
2024-11-21 09:07:20 +0000  copying file ./RCTI18nStrings.bundle/vi.lproj/fbt_language_pack.bin ... 
2024-11-21 09:07:20 +0000  1352 bytes for ./RCTI18nStrings.bundle/vi.lproj/fbt_language_pack.bin
2024-11-21 09:07:20 +0000  copying file ./RCTI18nStrings.bundle/ru.lproj/Localizable.strings ... 
2024-11-21 09:07:20 +0000  64 bytes for ./RCTI18nStrings.bundle/ru.lproj/Localizable.strings
2024-11-21 09:07:20 +0000  copying file ./RCTI18nStrings.bundle/ru.lproj/fbt_language_pack.bin ... 
2024-11-21 09:07:20 +0000  1576 bytes for ./RCTI18nStrings.bundle/ru.lproj/fbt_language_pack.bin
2024-11-21 09:07:20 +0000  copying file ./RCTI18nStrings.bundle/fr.lproj/Localizable.strings ... 
2024-11-21 09:07:20 +0000  64 bytes for ./RCTI18nStrings.bundle/fr.lproj/Localizable.strings
2024-11-21 09:07:20 +0000  copying file ./RCTI18nStrings.bundle/fr.lproj/fbt_language_pack.bin ... 
2024-11-21 09:07:20 +0000  1360 bytes for ./RCTI18nStrings.bundle/fr.lproj/fbt_language_pack.bin
2024-11-21 09:07:20 +0000  copying file ./RCTI18nStrings.bundle/fi.lproj/Localizable.strings ... 
2024-11-21 09:07:20 +0000  64 bytes for ./RCTI18nStrings.bundle/fi.lproj/Localizable.strings
2024-11-21 09:07:20 +0000  copying file ./RCTI18nStrings.bundle/fi.lproj/fbt_language_pack.bin ... 
2024-11-21 09:07:20 +0000  1340 bytes for ./RCTI18nStrings.bundle/fi.lproj/fbt_language_pack.bin
2024-11-21 09:07:20 +0000  copying file ./RCTI18nStrings.bundle/id.lproj/Localizable.strings ... 
2024-11-21 09:07:20 +0000  64 bytes for ./RCTI18nStrings.bundle/id.lproj/Localizable.strings
2024-11-21 09:07:20 +0000  copying file ./RCTI18nStrings.bundle/id.lproj/fbt_language_pack.bin ... 
2024-11-21 09:07:20 +0000  1300 bytes for ./RCTI18nStrings.bundle/id.lproj/fbt_language_pack.bin
2024-11-21 09:07:20 +0000  copying file ./RCTI18nStrings.bundle/nl.lproj/Localizable.strings ... 
2024-11-21 09:07:20 +0000  64 bytes for ./RCTI18nStrings.bundle/nl.lproj/Localizable.strings
2024-11-21 09:07:20 +0000  copying file ./RCTI18nStrings.bundle/nl.lproj/fbt_language_pack.bin ... 
2024-11-21 09:07:20 +0000  1324 bytes for ./RCTI18nStrings.bundle/nl.lproj/fbt_language_pack.bin
2024-11-21 09:07:20 +0000  copying file ./RCTI18nStrings.bundle/th.lproj/Localizable.strings ... 
2024-11-21 09:07:20 +0000  64 bytes for ./RCTI18nStrings.bundle/th.lproj/Localizable.strings
2024-11-21 09:07:20 +0000  copying file ./RCTI18nStrings.bundle/th.lproj/fbt_language_pack.bin ... 
2024-11-21 09:07:20 +0000  1784 bytes for ./RCTI18nStrings.bundle/th.lproj/fbt_language_pack.bin
2024-11-21 09:07:20 +0000  copying file ./RCTI18nStrings.bundle/pt.lproj/Localizable.strings ... 
2024-11-21 09:07:20 +0000  64 bytes for ./RCTI18nStrings.bundle/pt.lproj/Localizable.strings
2024-11-21 09:07:20 +0000  copying file ./RCTI18nStrings.bundle/pt.lproj/fbt_language_pack.bin ... 
2024-11-21 09:07:20 +0000  1356 bytes for ./RCTI18nStrings.bundle/pt.lproj/fbt_language_pack.bin
2024-11-21 09:07:20 +0000  copying file ./RCTI18nStrings.bundle/zu.lproj/Localizable.strings ... 
2024-11-21 09:07:20 +0000  64 bytes for ./RCTI18nStrings.bundle/zu.lproj/Localizable.strings
2024-11-21 09:07:20 +0000  copying file ./RCTI18nStrings.bundle/zu.lproj/fbt_language_pack.bin ... 
2024-11-21 09:07:20 +0000  2076 bytes for ./RCTI18nStrings.bundle/zu.lproj/fbt_language_pack.bin
2024-11-21 09:07:20 +0000  copying file ./RCTI18nStrings.bundle/pt-PT.lproj/Localizable.strings ... 
2024-11-21 09:07:20 +0000  64 bytes for ./RCTI18nStrings.bundle/pt-PT.lproj/Localizable.strings
2024-11-21 09:07:20 +0000  copying file ./RCTI18nStrings.bundle/pt-PT.lproj/fbt_language_pack.bin ... 
2024-11-21 09:07:20 +0000  1372 bytes for ./RCTI18nStrings.bundle/pt-PT.lproj/fbt_language_pack.bin
2024-11-21 09:07:20 +0000  copying file ./RCTI18nStrings.bundle/ro.lproj/Localizable.strings ... 
2024-11-21 09:07:20 +0000  64 bytes for ./RCTI18nStrings.bundle/ro.lproj/Localizable.strings
2024-11-21 09:07:20 +0000  copying file ./RCTI18nStrings.bundle/ro.lproj/fbt_language_pack.bin ... 
2024-11-21 09:07:20 +0000  1344 bytes for ./RCTI18nStrings.bundle/ro.lproj/fbt_language_pack.bin
2024-11-21 09:07:20 +0000  copying file ./RCTI18nStrings.bundle/Info.plist ... 
2024-11-21 09:07:20 +0000  773 bytes for ./RCTI18nStrings.bundle/Info.plist
2024-11-21 09:07:20 +0000  copying file ./RCTI18nStrings.bundle/hr.lproj/Localizable.strings ... 
2024-11-21 09:07:20 +0000  64 bytes for ./RCTI18nStrings.bundle/hr.lproj/Localizable.strings
2024-11-21 09:07:20 +0000  copying file ./RCTI18nStrings.bundle/hr.lproj/fbt_language_pack.bin ... 
2024-11-21 09:07:20 +0000  1352 bytes for ./RCTI18nStrings.bundle/hr.lproj/fbt_language_pack.bin
2024-11-21 09:07:20 +0000  copying file ./RCTI18nStrings.bundle/hi.lproj/Localizable.strings ... 
2024-11-21 09:07:20 +0000  64 bytes for ./RCTI18nStrings.bundle/hi.lproj/Localizable.strings
2024-11-21 09:07:20 +0000  copying file ./RCTI18nStrings.bundle/hi.lproj/fbt_language_pack.bin ... 
2024-11-21 09:07:20 +0000  1640 bytes for ./RCTI18nStrings.bundle/hi.lproj/fbt_language_pack.bin
2024-11-21 09:07:20 +0000  copying file ./FontAwesome6_Solid.ttf ... 
2024-11-21 09:07:20 +0000  394668 bytes for ./FontAwesome6_Solid.ttf
copying file ./PrivacyInfo.xcprivacy ... 
2024-11-21 09:07:20 +0000  986 bytes for ./PrivacyInfo.xcprivacy
2024-11-21 09:07:20 +0000  copying file ./LaunchScreen.storyboardc/01J-lp-oVM-view-Ze5-6b-2t3.nib ... 
2024-11-21 09:07:20 +0000  3817 bytes for ./LaunchScreen.storyboardc/01J-lp-oVM-view-Ze5-6b-2t3.nib
2024-11-21 09:07:20 +0000  copying file ./LaunchScreen.storyboardc/UIViewController-01J-lp-oVM.nib ... 
2024-11-21 09:07:20 +0000  924 bytes for ./LaunchScreen.storyboardc/UIViewController-01J-lp-oVM.nib
copying file ./LaunchScreen.storyboardc/Info.plist ... 
2024-11-21 09:07:20 +0000  258 bytes for ./LaunchScreen.storyboardc/Info.plist
2024-11-21 09:07:20 +0000  copying file ./Frameworks/hermes.framework/_CodeSignature/CodeResources ... 
2024-11-21 09:07:20 +0000  1798 bytes for ./Frameworks/hermes.framework/_CodeSignature/CodeResources
2024-11-21 09:07:20 +0000  copying file ./Frameworks/hermes.framework/hermes ... 
2024-11-21 09:07:20 +0000  4444960 bytes for ./Frameworks/hermes.framework/hermes
2024-11-21 09:07:20 +0000  copying file ./Frameworks/hermes.framework/Info.plist ... 
2024-11-21 09:07:20 +0000  772 bytes for ./Frameworks/hermes.framework/Info.plist
2024-11-21 09:07:20 +0000  copying file ./caveXpert ... 
2024-11-21 09:07:20 +0000  5431120 bytes for ./caveXpert
2024-11-21 09:07:20 +0000  copying file ./SimpleLineIcons.ttf ... 
2024-11-21 09:07:20 +0000  54056 bytes for ./SimpleLineIcons.ttf
2024-11-21 09:07:20 +0000  copying file ./FontAwesome6_Brands.ttf ... 
2024-11-21 09:07:20 +0000  189684 bytes for ./FontAwesome6_Brands.ttf
2024-11-21 09:07:20 +0000  copying file ./embedded.mobileprovision ... 
2024-11-21 09:07:20 +0000  12459 bytes for ./embedded.mobileprovision
2024-11-21 09:07:20 +0000  copying file ./assets/node_modules/@react-navigation/elements/src/assets/back-icon@3x.png ... 
2024-11-21 09:07:20 +0000  761 bytes for ./assets/node_modules/@react-navigation/elements/src/assets/back-icon@3x.png
2024-11-21 09:07:20 +0000  copying file ./assets/node_modules/@react-navigation/elements/src/assets/back-icon@2x.png ... 
2024-11-21 09:07:20 +0000  405 bytes for ./assets/node_modules/@react-navigation/elements/src/assets/back-icon@2x.png
copying file ./assets/node_modules/@react-navigation/elements/src/assets/back-icon.png ... 
2024-11-21 09:07:20 +0000  290 bytes for ./assets/node_modules/@react-navigation/elements/src/assets/back-icon.png
2024-11-21 09:07:20 +0000  copying file ./assets/node_modules/@react-navigation/elements/src/assets/back-icon-mask.png ... 
2024-11-21 09:07:20 +0000  913 bytes for ./assets/node_modules/@react-navigation/elements/src/assets/back-icon-mask.png
2024-11-21 09:07:20 +0000  copying file ./assets/node_modules/react-native-paper/lib/module/assets/back-chevron.png ... 
2024-11-21 09:07:20 +0000  489 bytes for ./assets/node_modules/react-native-paper/lib/module/assets/back-chevron.png
2024-11-21 09:07:20 +0000  copying file ./assets/node_modules/react-native-element-dropdown/src/assets/down.png ... 
2024-11-21 09:07:20 +0000  186 bytes for ./assets/node_modules/react-native-element-dropdown/src/assets/down.png
2024-11-21 09:07:20 +0000  copying file ./assets/node_modules/react-native-element-dropdown/src/assets/close.png ... 
2024-11-21 09:07:20 +0000  208 bytes for ./assets/node_modules/react-native-element-dropdown/src/assets/close.png
2024-11-21 09:07:20 +0000  copying file ./assets/src/assets/images/black_icon.png ... 
2024-11-21 09:07:20 +0000  20080 bytes for ./assets/src/assets/images/black_icon.png
2024-11-21 09:07:20 +0000  copying file ./assets/src/assets/images/icon.png ... 
2024-11-21 09:07:20 +0000  9138 bytes for ./assets/src/assets/images/icon.png
copying file ./assets/src/assets/images/closeicon.png ... 
2024-11-21 09:07:20 +0000  86984 bytes for ./assets/src/assets/images/closeicon.png
2024-11-21 09:07:20 +0000  copying file ./assets/src/assets/images/badge_silver.png ... 
2024-11-21 09:07:20 +0000  271379 bytes for ./assets/src/assets/images/badge_silver.png
2024-11-21 09:07:20 +0000  copying file ./assets/src/assets/images/badge_gold.png ... 
2024-11-21 09:07:20 +0000  128998 bytes for ./assets/src/assets/images/badge_gold.png
2024-11-21 09:07:20 +0000  copying file ./assets/src/assets/images/intro1.png ... 
2024-11-21 09:07:20 +0000  230610 bytes for ./assets/src/assets/images/intro1.png
copying file ./assets/src/assets/images/new_logo.png ... 
2024-11-21 09:07:20 +0000  22127 bytes for ./assets/src/assets/images/new_logo.png
2024-11-21 09:07:20 +0000  copying file ./assets/src/assets/images/intro2.png ... 
2024-11-21 09:07:20 +0000  102042 bytes for ./assets/src/assets/images/intro2.png
2024-11-21 09:07:20 +0000  copying file ./assets/src/assets/images/intro3.png ... 
2024-11-21 09:07:20 +0000  308663 bytes for ./assets/src/assets/images/intro3.png
2024-11-21 09:07:20 +0000  copying file ./assets/src/assets/images/logo.png ... 
2024-11-21 09:07:20 +0000  24179 bytes for ./assets/src/assets/images/logo.png
copying file ./assets/src/assets/images/logo_white.png ... 
2024-11-21 09:07:20 +0000  22388 bytes for ./assets/src/assets/images/logo_white.png
2024-11-21 09:07:20 +0000  copying file ./assets/src/assets/images/rank.png ... 
2024-11-21 09:07:20 +0000  23872 bytes for ./assets/src/assets/images/rank.png
2024-11-21 09:07:20 +0000  copying file ./assets/src/assets/images/profileimage.png ... 
2024-11-21 09:07:20 +0000  9767 bytes for ./assets/src/assets/images/profileimage.png
2024-11-21 09:07:20 +0000  copying file ./assets/src/assets/images/usericons/4.png ... 
2024-11-21 09:07:20 +0000  30821 bytes for ./assets/src/assets/images/usericons/4.png
2024-11-21 09:07:20 +0000  copying file ./assets/src/assets/images/usericons/5.png ... 
2024-11-21 09:07:20 +0000  84054 bytes for ./assets/src/assets/images/usericons/5.png
2024-11-21 09:07:20 +0000  copying file ./assets/src/assets/images/usericons/6.png ... 
2024-11-21 09:07:20 +0000  19332 bytes for ./assets/src/assets/images/usericons/6.png
2024-11-21 09:07:20 +0000  copying file ./assets/src/assets/images/usericons/2.png ... 
2024-11-21 09:07:20 +0000  98857 bytes for ./assets/src/assets/images/usericons/2.png
2024-11-21 09:07:20 +0000  copying file ./assets/src/assets/images/usericons/3.png ... 
2024-11-21 09:07:20 +0000  29510 bytes for ./assets/src/assets/images/usericons/3.png
2024-11-21 09:07:20 +0000  copying file ./assets/src/assets/images/usericons/1.png ... 
2024-11-21 09:07:20 +0000  19090 bytes for ./assets/src/assets/images/usericons/1.png
2024-11-21 09:07:20 +0000  copying file ./assets/src/assets/images/badge_participation.png ... 
2024-11-21 09:07:20 +0000  60957 bytes for ./assets/src/assets/images/badge_participation.png
2024-11-21 09:07:20 +0000  copying file ./assets/src/assets/images/coin.png ... 
2024-11-21 09:07:20 +0000  36639 bytes for ./assets/src/assets/images/coin.png
2024-11-21 09:07:20 +0000  copying file ./assets/src/assets/images/badge_bronze.png ... 
2024-11-21 09:07:20 +0000  526446 bytes for ./assets/src/assets/images/badge_bronze.png
2024-11-21 09:07:20 +0000  copying file ./assets/src/assets/images/bg.png ... 
2024-11-21 09:07:20 +0000  6437992 bytes for ./assets/src/assets/images/bg.png
2024-11-21 09:07:20 +0000  copying file ./Info.plist ... 
2024-11-21 09:07:20 +0000  1449 bytes for ./Info.plist
2024-11-21 09:07:20 +0000  copying file ./RNCAsyncStorage_resources.bundle/PrivacyInfo.xcprivacy ... 
2024-11-21 09:07:20 +0000  512 bytes for ./RNCAsyncStorage_resources.bundle/PrivacyInfo.xcprivacy
2024-11-21 09:07:20 +0000  copying file ./RNCAsyncStorage_resources.bundle/Info.plist ... 
2024-11-21 09:07:20 +0000  795 bytes for ./RNCAsyncStorage_resources.bundle/Info.plist
2024-11-21 09:07:20 +0000  copying file ./PkgInfo ... 
2024-11-21 09:07:20 +0000  8 bytes for ./PkgInfo
2024-11-21 09:07:20 +0000  copying file ./MaterialIcons.ttf ... 
2024-11-21 09:07:20 +0000  356840 bytes for ./MaterialIcons.ttf
2024-11-21 09:07:20 +0000  /usr/bin/ditto exited with 0
2024-11-21 09:07:20 +0000  Processing step: IDEDistributionEmbedProfileStep
2024-11-21 09:07:20 +0000  Skipping profile for item: <IDEDistributionItem: 0x600030f8cc60; bundleID='dev.hermesengine.iphoneos', path='<DVTFilePath:0x600004725880:'/Users/saiswaroop.thonda/Library/Developer/Xcode/Archives/2024-11-21/caveXpert 21-11-24, 2.36 PM.xcarchive/Products/Applications/caveXpert.app/Frameworks/hermes.framework'>', codeSigningInfo='<_DVTCodeSigningInformation_Path: 0x60003c9c59a0; isSigned='1', isAdHocSigned='0', signingCertificate='<DVTSigningCertificate: 0x60000df3a340; name='iPhone Distribution: Aspire Systems (India) Private Limited', hash='B45FFC291B635BAB9406C89642958187EB712C23', serialNumber='3B5DB76F3F180DC622F68170057BB597', certificateKinds='(
    "1.2.840.113635.100.6.1.4"
), issueDate='2024-11-12 17:02:35 +0000''>', entitlements='(null)', teamID='S45JLX7U95', identifier='dev.hermesengine.iphoneos', executablePath='<DVTFilePath:0x60001816ea00:'/Users/saiswaroop.thonda/Library/Developer/Xcode/Archives/2024-11-21/caveXpert 21-11-24, 2.36 PM.xcarchive/Products/Applications/caveXpert.app/Frameworks/hermes.framework/hermes'>', hardenedRuntime='0'>'>
2024-11-21 09:07:20 +0000  Processing step: IDEDistributionInfoPlistStep
2024-11-21 09:07:20 +0000  Skipping step: IDEDistributionInfoPlistStep because it said so
2024-11-21 09:07:20 +0000  Skipping step: IDEDistributionInfoPlistStep because it said so
2024-11-21 09:07:20 +0000  Processing step: IDEDistributionAppThinningPlistStep
2024-11-21 09:07:20 +0000  Skipping step: IDEDistributionAppThinningPlistStep because it said so
2024-11-21 09:07:20 +0000  Processing step: IDEDistributionCompileBitcodeStep
2024-11-21 09:07:20 +0000  Skipping step: IDEDistributionCompileBitcodeStep because it said so
2024-11-21 09:07:20 +0000  Processing step: IDEDistributionCodeSlimmingStep
2024-11-21 09:07:20 +0000  Processing step: IDEDistributionCopyBCSymbolMapsStep
2024-11-21 09:07:20 +0000  Skipping step: IDEDistributionCopyBCSymbolMapsStep because it said so
2024-11-21 09:07:20 +0000  Skipping step: IDEDistributionCopyBCSymbolMapsStep because it said so
2024-11-21 09:07:20 +0000  Processing step: IDEDistributionSymbolsStep
2024-11-21 09:07:20 +0000  Skipping step: IDEDistributionSymbolsStep because it said so
2024-11-21 09:07:20 +0000  Skipping step: IDEDistributionSymbolsStep because it said so
2024-11-21 09:07:20 +0000  Processing step: IDEDistributionAppThinningStep
2024-11-21 09:07:20 +0000  Skipping step: IDEDistributionAppThinningStep because it said so
2024-11-21 09:07:20 +0000  Processing step: IDEDistributionArchThinningStep
2024-11-21 09:07:20 +0000  Item /Users/saiswaroop.thonda/Library/Developer/Xcode/Archives/2024-11-21/caveXpert 21-11-24, 2.36 PM.xcarchive/Products/Applications/caveXpert.app/Frameworks/hermes.framework doesn't have the entitlement com.apple.developer.web-browser-engine.host enabled, returning ["arm64e"]
2024-11-21 09:07:20 +0000  Archs to thin for item /Users/saiswaroop.thonda/Library/Developer/Xcode/Archives/2024-11-21/caveXpert 21-11-24, 2.36 PM.xcarchive/Products/Applications/caveXpert.app/Frameworks/hermes.framework are ["arm64e"]
2024-11-21 09:07:20 +0000  Running /Applications/Xcode.app/Contents/Developer/Toolchains/XcodeDefault.xctoolchain/usr/bin/lipo '/var/folders/7p/fql85rjs0ng2wtgdc_7m4m38ystyd0/T/XcodeDistPipeline.~~~BmqqlC/Root/Payload/caveXpert.app/Frameworks/hermes.framework/hermes' '-verify_arch' 'arm64e'
2024-11-21 09:07:20 +0000  /Applications/Xcode.app/Contents/Developer/Toolchains/XcodeDefault.xctoolchain/usr/bin/lipo exited with 1
2024-11-21 09:07:20 +0000  Skipping architecture thinning for item "hermes" because arch "arm64e" wasn't found
2024-11-21 09:07:20 +0000  Item /Users/saiswaroop.thonda/Library/Developer/Xcode/Archives/2024-11-21/caveXpert 21-11-24, 2.36 PM.xcarchive/Products/Applications/caveXpert.app doesn't have the entitlement com.apple.developer.web-browser-engine.host enabled, returning ["arm64e"]
2024-11-21 09:07:20 +0000  Archs to thin for item /Users/saiswaroop.thonda/Library/Developer/Xcode/Archives/2024-11-21/caveXpert 21-11-24, 2.36 PM.xcarchive/Products/Applications/caveXpert.app are ["arm64e"]
2024-11-21 09:07:20 +0000  Running /Applications/Xcode.app/Contents/Developer/Toolchains/XcodeDefault.xctoolchain/usr/bin/lipo '/var/folders/7p/fql85rjs0ng2wtgdc_7m4m38ystyd0/T/XcodeDistPipeline.~~~BmqqlC/Root/Payload/caveXpert.app/caveXpert' '-verify_arch' 'arm64e'
2024-11-21 09:07:20 +0000  /Applications/Xcode.app/Contents/Developer/Toolchains/XcodeDefault.xctoolchain/usr/bin/lipo exited with 1
2024-11-21 09:07:20 +0000  Skipping architecture thinning for item "caveXpert" because arch "arm64e" wasn't found
2024-11-21 09:07:20 +0000  Processing step: IDEDistributionODRStep
2024-11-21 09:07:20 +0000  Processing step: IDEDistributionStripXattrsStep
2024-11-21 09:07:20 +0000  Skipping stripping extended attributes because the codesign step will strip them.
2024-11-21 09:07:20 +0000  Skipping stripping extended attributes because the codesign step will strip them.
2024-11-21 09:07:20 +0000  Processing step: IDEDistributionCodesignStep
2024-11-21 09:07:20 +0000  Entitlements for <IDEDistributionItem: 0x600030f8cc60; bundleID='dev.hermesengine.iphoneos', path='<DVTFilePath:0x600004725880:'/Users/saiswaroop.thonda/Library/Developer/Xcode/Archives/2024-11-21/caveXpert 21-11-24, 2.36 PM.xcarchive/Products/Applications/caveXpert.app/Frameworks/hermes.framework'>', codeSigningInfo='<_DVTCodeSigningInformation_Path: 0x60003c9c59a0; isSigned='1', isAdHocSigned='0', signingCertificate='<DVTSigningCertificate: 0x60000df3a340; name='iPhone Distribution: Aspire Systems (India) Private Limited', hash='B45FFC291B635BAB9406C89642958187EB712C23', serialNumber='3B5DB76F3F180DC622F68170057BB597', certificateKinds='(
    "1.2.840.113635.100.6.1.4"
), issueDate='2024-11-12 17:02:35 +0000''>', entitlements='(null)', teamID='S45JLX7U95', identifier='dev.hermesengine.iphoneos', executablePath='<DVTFilePath:0x60001816ea00:'/Users/saiswaroop.thonda/Library/Developer/Xcode/Archives/2024-11-21/caveXpert 21-11-24, 2.36 PM.xcarchive/Products/Applications/caveXpert.app/Frameworks/hermes.framework/hermes'>', hardenedRuntime='0'>'>: {
}
2024-11-21 09:07:20 +0000  Associated App Clip Identifiers Filter: Skipping because "com.apple.developer.associated-appclip-app-identifiers" is not present
2024-11-21 09:07:20 +0000  Entitlements for <IDEDistributionItem: 0x600030f8cc60; bundleID='dev.hermesengine.iphoneos', path='<DVTFilePath:0x600004725880:'/Users/saiswaroop.thonda/Library/Developer/Xcode/Archives/2024-11-21/caveXpert 21-11-24, 2.36 PM.xcarchive/Products/Applications/caveXpert.app/Frameworks/hermes.framework'>', codeSigningInfo='<_DVTCodeSigningInformation_Path: 0x60003c9c59a0; isSigned='1', isAdHocSigned='0', signingCertificate='<DVTSigningCertificate: 0x60000df3b240; name='iPhone Distribution: Aspire Systems (India) Private Limited', hash='B45FFC291B635BAB9406C89642958187EB712C23', serialNumber='3B5DB76F3F180DC622F68170057BB597', certificateKinds='(
    "1.2.840.113635.100.6.1.4"
), issueDate='2024-11-12 17:02:35 +0000''>', entitlements='(null)', teamID='S45JLX7U95', identifier='dev.hermesengine.iphoneos', executablePath='<DVTFilePath:0x60001816ea00:'/Users/saiswaroop.thonda/Library/Developer/Xcode/Archives/2024-11-21/caveXpert 21-11-24, 2.36 PM.xcarchive/Products/Applications/caveXpert.app/Frameworks/hermes.framework/hermes'>', hardenedRuntime='0'>'> are: {
}
2024-11-21 09:07:20 +0000  Writing entitlements for <IDEDistributionItem: 0x600030f8cc60; bundleID='dev.hermesengine.iphoneos', path='<DVTFilePath:0x600004725880:'/Users/saiswaroop.thonda/Library/Developer/Xcode/Archives/2024-11-21/caveXpert 21-11-24, 2.36 PM.xcarchive/Products/Applications/caveXpert.app/Frameworks/hermes.framework'>', codeSigningInfo='<_DVTCodeSigningInformation_Path: 0x60003c9c59a0; isSigned='1', isAdHocSigned='0', signingCertificate='<DVTSigningCertificate: 0x60000df3b6c0; name='iPhone Distribution: Aspire Systems (India) Private Limited', hash='B45FFC291B635BAB9406C89642958187EB712C23', serialNumber='3B5DB76F3F180DC622F68170057BB597', certificateKinds='(
    "1.2.840.113635.100.6.1.4"
), issueDate='2024-11-12 17:02:35 +0000''>', entitlements='(null)', teamID='S45JLX7U95', identifier='dev.hermesengine.iphoneos', executablePath='<DVTFilePath:0x60001816ea00:'/Users/saiswaroop.thonda/Library/Developer/Xcode/Archives/2024-11-21/caveXpert 21-11-24, 2.36 PM.xcarchive/Products/Applications/caveXpert.app/Frameworks/hermes.framework/hermes'>', hardenedRuntime='0'>'> to: /var/folders/7p/fql85rjs0ng2wtgdc_7m4m38ystyd0/T/XcodeDistPipeline.~~~BmqqlC/entitlements~~~qdTMVl
2024-11-21 09:07:20 +0000  Running /usr/bin/codesign '-vvv' '--force' '--sign' 'B45FFC291B635BAB9406C89642958187EB712C23' '--entitlements' '/var/folders/7p/fql85rjs0ng2wtgdc_7m4m38ystyd0/T/XcodeDistPipeline.~~~BmqqlC/entitlements~~~qdTMVl' '--generate-entitlement-der' '--strip-disallowed-xattrs' '--preserve-metadata=identifier,flags,runtime' '/var/folders/7p/fql85rjs0ng2wtgdc_7m4m38ystyd0/T/XcodeDistPipeline.~~~BmqqlC/Root/Payload/caveXpert.app/Frameworks/hermes.framework'
2024-11-21 09:07:20 +0000  /var/folders/7p/fql85rjs0ng2wtgdc_7m4m38ystyd0/T/XcodeDistPipeline.~~~BmqqlC/Root/Payload/caveXpert.app/Frameworks/hermes.framework: replacing existing signature
2024-11-21 09:07:28 +0000  /var/folders/7p/fql85rjs0ng2wtgdc_7m4m38ystyd0/T/XcodeDistPipeline.~~~BmqqlC/Root/Payload/caveXpert.app/Frameworks/hermes.framework: signed bundle with Mach-O thin (arm64) [dev.hermesengine.iphoneos]
2024-11-21 09:07:28 +0000  /usr/bin/codesign exited with 0
2024-11-21 09:07:28 +0000  Entitlements for <IDEDistributionItem: 0x600030f8d0e0; bundleID='com.caveXpert.caveXpert', path='<DVTFilePath:0x600014578700:'/Users/saiswaroop.thonda/Library/Developer/Xcode/Archives/2024-11-21/caveXpert 21-11-24, 2.36 PM.xcarchive/Products/Applications/caveXpert.app'>', codeSigningInfo='<_DVTCodeSigningInformation_Path: 0x600038a18be0; isSigned='1', isAdHocSigned='0', signingCertificate='<DVTSigningCertificate: 0x6000090f6340; name='iPhone Distribution: Aspire Systems (India) Private Limited', hash='B45FFC291B635BAB9406C89642958187EB712C23', serialNumber='3B5DB76F3F180DC622F68170057BB597', certificateKinds='(
    "1.2.840.113635.100.6.1.4"
), issueDate='2024-11-12 17:02:35 +0000''>', entitlements='{
    "application-identifier" = "S45JLX7U95.com.caveXpert.caveXpert";
    "com.apple.developer.team-identifier" = S45JLX7U95;
    "get-task-allow" = 0;
}', teamID='S45JLX7U95', identifier='com.caveXpert.caveXpert', executablePath='<DVTFilePath:0x600004726380:'/Users/saiswaroop.thonda/Library/Developer/Xcode/Archives/2024-11-21/caveXpert 21-11-24, 2.36 PM.xcarchive/Products/Applications/caveXpert.app/caveXpert'>', hardenedRuntime='0'>'>: {
    "application-identifier" = "S45JLX7U95.com.caveXpert.caveXpert";
    "com.apple.developer.team-identifier" = S45JLX7U95;
    "get-task-allow" = 0;
}
2024-11-21 09:07:28 +0000  Associated App Clip Identifiers Filter: Skipping because "com.apple.developer.associated-appclip-app-identifiers" is not present
2024-11-21 09:07:28 +0000  Entitlements for <IDEDistributionItem: 0x600030f8d0e0; bundleID='com.caveXpert.caveXpert', path='<DVTFilePath:0x600014578700:'/Users/saiswaroop.thonda/Library/Developer/Xcode/Archives/2024-11-21/caveXpert 21-11-24, 2.36 PM.xcarchive/Products/Applications/caveXpert.app'>', codeSigningInfo='<_DVTCodeSigningInformation_Path: 0x600038a18be0; isSigned='1', isAdHocSigned='0', signingCertificate='<DVTSigningCertificate: 0x60000df14180; name='iPhone Distribution: Aspire Systems (India) Private Limited', hash='B45FFC291B635BAB9406C89642958187EB712C23', serialNumber='3B5DB76F3F180DC622F68170057BB597', certificateKinds='(
    "1.2.840.113635.100.6.1.4"
), issueDate='2024-11-12 17:02:35 +0000''>', entitlements='{
    "application-identifier" = "S45JLX7U95.com.caveXpert.caveXpert";
    "com.apple.developer.team-identifier" = S45JLX7U95;
    "get-task-allow" = 0;
}', teamID='S45JLX7U95', identifier='com.caveXpert.caveXpert', executablePath='<DVTFilePath:0x600004726380:'/Users/saiswaroop.thonda/Library/Developer/Xcode/Archives/2024-11-21/caveXpert 21-11-24, 2.36 PM.xcarchive/Products/Applications/caveXpert.app/caveXpert'>', hardenedRuntime='0'>'> are: {
    "application-identifier" = "S45JLX7U95.com.caveXpert.caveXpert";
    "com.apple.developer.team-identifier" = S45JLX7U95;
    "get-task-allow" = 0;
}
2024-11-21 09:07:28 +0000  Writing entitlements for <IDEDistributionItem: 0x600030f8d0e0; bundleID='com.caveXpert.caveXpert', path='<DVTFilePath:0x600014578700:'/Users/saiswaroop.thonda/Library/Developer/Xcode/Archives/2024-11-21/caveXpert 21-11-24, 2.36 PM.xcarchive/Products/Applications/caveXpert.app'>', codeSigningInfo='<_DVTCodeSigningInformation_Path: 0x600038a18be0; isSigned='1', isAdHocSigned='0', signingCertificate='<DVTSigningCertificate: 0x60000df16700; name='iPhone Distribution: Aspire Systems (India) Private Limited', hash='B45FFC291B635BAB9406C89642958187EB712C23', serialNumber='3B5DB76F3F180DC622F68170057BB597', certificateKinds='(
    "1.2.840.113635.100.6.1.4"
), issueDate='2024-11-12 17:02:35 +0000''>', entitlements='{
    "application-identifier" = "S45JLX7U95.com.caveXpert.caveXpert";
    "com.apple.developer.team-identifier" = S45JLX7U95;
    "get-task-allow" = 0;
}', teamID='S45JLX7U95', identifier='com.caveXpert.caveXpert', executablePath='<DVTFilePath:0x600004726380:'/Users/saiswaroop.thonda/Library/Developer/Xcode/Archives/2024-11-21/caveXpert 21-11-24, 2.36 PM.xcarchive/Products/Applications/caveXpert.app/caveXpert'>', hardenedRuntime='0'>'> to: /var/folders/7p/fql85rjs0ng2wtgdc_7m4m38ystyd0/T/XcodeDistPipeline.~~~BmqqlC/entitlements~~~tANCkP
2024-11-21 09:07:28 +0000  Running /usr/bin/codesign '-vvv' '--force' '--sign' 'B45FFC291B635BAB9406C89642958187EB712C23' '--entitlements' '/var/folders/7p/fql85rjs0ng2wtgdc_7m4m38ystyd0/T/XcodeDistPipeline.~~~BmqqlC/entitlements~~~tANCkP' '--generate-entitlement-der' '--strip-disallowed-xattrs' '--preserve-metadata=identifier,flags,runtime' '/var/folders/7p/fql85rjs0ng2wtgdc_7m4m38ystyd0/T/XcodeDistPipeline.~~~BmqqlC/Root/Payload/caveXpert.app'
2024-11-21 09:07:28 +0000  /var/folders/7p/fql85rjs0ng2wtgdc_7m4m38ystyd0/T/XcodeDistPipeline.~~~BmqqlC/Root/Payload/caveXpert.app: replacing existing signature
2024-11-21 09:07:36 +0000  /var/folders/7p/fql85rjs0ng2wtgdc_7m4m38ystyd0/T/XcodeDistPipeline.~~~BmqqlC/Root/Payload/caveXpert.app: signed app bundle with Mach-O thin (arm64) [com.caveXpert.caveXpert]
2024-11-21 09:07:36 +0000  /usr/bin/codesign exited with 0
2024-11-21 09:07:36 +0000  Processing step: IDEDistributionZipODRItemStep
2024-11-21 09:07:36 +0000  Skipping step: IDEDistributionZipODRItemStep because it said so
2024-11-21 09:07:36 +0000  Skipping step: IDEDistributionZipODRItemStep because it said so
2024-11-21 09:07:36 +0000  Processing step: IDEDistributionCreateIPAStep
2024-11-21 09:07:36 +0000  Running /usr/bin/ditto '-V' '-c' '-k' '--norsrc' '/var/folders/7p/fql85rjs0ng2wtgdc_7m4m38ystyd0/T/XcodeDistPipeline.~~~BmqqlC/Root' '/var/folders/7p/fql85rjs0ng2wtgdc_7m4m38ystyd0/T/XcodeDistPipeline.~~~BmqqlC/Packages/caveXpert.ipa'
2024-11-21 09:07:36 +0000  >>> Copying /var/folders/7p/fql85rjs0ng2wtgdc_7m4m38ystyd0/T/XcodeDistPipeline.~~~BmqqlC/Root 
2024-11-21 09:07:36 +0000  copying file ./Payload/caveXpert.app/_CodeSignature/CodeResources ... 
2024-11-21 09:07:36 +0000  47918 bytes for ./Payload/caveXpert.app/_CodeSignature/CodeResources
2024-11-21 09:07:36 +0000  copying file ./Payload/caveXpert.app/Fontisto.ttf ... 
2024-11-21 09:07:36 +0000  313528 bytes for ./Payload/caveXpert.app/Fontisto.ttf
2024-11-21 09:07:36 +0000  copying file ./Payload/caveXpert.app/Octicons.ttf ... 
2024-11-21 09:07:36 +0000  49404 bytes for ./Payload/caveXpert.app/Octicons.ttf
2024-11-21 09:07:36 +0000  copying file ./Payload/caveXpert.app/Feather.ttf ... 
2024-11-21 09:07:36 +0000  56228 bytes for ./Payload/caveXpert.app/Feather.ttf
2024-11-21 09:07:36 +0000  copying file ./Payload/caveXpert.app/FontAwesome6_Regular.ttf ... 
2024-11-21 09:07:36 +0000  63348 bytes for ./Payload/caveXpert.app/FontAwesome6_Regular.ttf
2024-11-21 09:07:36 +0000  copying file ./Payload/caveXpert.app/Entypo.ttf ... 
2024-11-21 09:07:36 +0000  66200 bytes for ./Payload/caveXpert.app/Entypo.ttf
2024-11-21 09:07:36 +0000  copying file ./Payload/caveXpert.app/FontAwesome5_Brands.ttf ... 
2024-11-21 09:07:36 +0000  134040 bytes for ./Payload/caveXpert.app/FontAwesome5_Brands.ttf
2024-11-21 09:07:36 +0000  copying file ./Payload/caveXpert.app/MaterialCommunityIcons.ttf ... 
2024-11-21 09:07:36 +0000  1147844 bytes for ./Payload/caveXpert.app/MaterialCommunityIcons.ttf
2024-11-21 09:07:36 +0000  copying file ./Payload/caveXpert.app/AppIcon60x60@2x.png ... 
2024-11-21 09:07:36 +0000  2721 bytes for ./Payload/caveXpert.app/AppIcon60x60@2x.png
2024-11-21 09:07:36 +0000  copying file ./Payload/caveXpert.app/AntDesign.ttf ... 
2024-11-21 09:07:36 +0000  70344 bytes for ./Payload/caveXpert.app/AntDesign.ttf
2024-11-21 09:07:36 +0000  copying file ./Payload/caveXpert.app/Launch Screen.storyboardc/01J-lp-oVM-view-Ze5-6b-2t3.nib ... 
2024-11-21 09:07:36 +0000  3720 bytes for ./Payload/caveXpert.app/Launch Screen.storyboardc/01J-lp-oVM-view-Ze5-6b-2t3.nib
2024-11-21 09:07:36 +0000  copying file ./Payload/caveXpert.app/Launch Screen.storyboardc/UIViewController-01J-lp-oVM.nib ... 
2024-11-21 09:07:36 +0000  924 bytes for ./Payload/caveXpert.app/Launch Screen.storyboardc/UIViewController-01J-lp-oVM.nib
2024-11-21 09:07:36 +0000  copying file ./Payload/caveXpert.app/Launch Screen.storyboardc/Info.plist ... 
2024-11-21 09:07:36 +0000  258 bytes for ./Payload/caveXpert.app/Launch Screen.storyboardc/Info.plist
2024-11-21 09:07:36 +0000  copying file ./Payload/caveXpert.app/Foundation.ttf ... 
2024-11-21 09:07:36 +0000  56976 bytes for ./Payload/caveXpert.app/Foundation.ttf
copying file ./Payload/caveXpert.app/Ionicons.ttf ... 
2024-11-21 09:07:36 +0000  442604 bytes for ./Payload/caveXpert.app/Ionicons.ttf
copying file ./Payload/caveXpert.app/FontAwesome5_Solid.ttf ... 
2024-11-21 09:07:36 +0000  202744 bytes for ./Payload/caveXpert.app/FontAwesome5_Solid.ttf
2024-11-21 09:07:36 +0000  copying file ./Payload/caveXpert.app/FontAwesome5_Regular.ttf ... 
2024-11-21 09:07:36 +0000  33736 bytes for ./Payload/caveXpert.app/FontAwesome5_Regular.ttf
copying file ./Payload/caveXpert.app/FontAwesome.ttf ... 
2024-11-21 09:07:36 +0000  165548 bytes for ./Payload/caveXpert.app/FontAwesome.ttf
2024-11-21 09:07:36 +0000  copying file ./Payload/caveXpert.app/Zocial.ttf ... 
2024-11-21 09:07:36 +0000  25788 bytes for ./Payload/caveXpert.app/Zocial.ttf
2024-11-21 09:07:36 +0000  copying file ./Payload/caveXpert.app/Assets.car ... 
2024-11-21 09:07:36 +0000  84424 bytes for ./Payload/caveXpert.app/Assets.car
copying file ./Payload/caveXpert.app/EvilIcons.ttf ... 
2024-11-21 09:07:36 +0000  13456 bytes for ./Payload/caveXpert.app/EvilIcons.ttf
2024-11-21 09:07:36 +0000  copying file ./Payload/caveXpert.app/main.jsbundle ... 
2024-11-21 09:07:36 +0000  4441895 bytes for ./Payload/caveXpert.app/main.jsbundle
2024-11-21 09:07:36 +0000  copying file ./Payload/caveXpert.app/RCTI18nStrings.bundle/de.lproj/Localizable.strings ... 
2024-11-21 09:07:36 +0000  64 bytes for ./Payload/caveXpert.app/RCTI18nStrings.bundle/de.lproj/Localizable.strings
copying file ./Payload/caveXpert.app/RCTI18nStrings.bundle/de.lproj/fbt_language_pack.bin ... 
2024-11-21 09:07:36 +0000  1312 bytes for ./Payload/caveXpert.app/RCTI18nStrings.bundle/de.lproj/fbt_language_pack.bin
2024-11-21 09:07:36 +0000  copying file ./Payload/caveXpert.app/RCTI18nStrings.bundle/he.lproj/Localizable.strings ... 
2024-11-21 09:07:36 +0000  64 bytes for ./Payload/caveXpert.app/RCTI18nStrings.bundle/he.lproj/Localizable.strings
copying file ./Payload/caveXpert.app/RCTI18nStrings.bundle/he.lproj/fbt_language_pack.bin ... 
2024-11-21 09:07:36 +0000  1444 bytes for ./Payload/caveXpert.app/RCTI18nStrings.bundle/he.lproj/fbt_language_pack.bin
2024-11-21 09:07:36 +0000  copying file ./Payload/caveXpert.app/RCTI18nStrings.bundle/ar.lproj/Localizable.strings ... 
2024-11-21 09:07:36 +0000  64 bytes for ./Payload/caveXpert.app/RCTI18nStrings.bundle/ar.lproj/Localizable.strings
copying file ./Payload/caveXpert.app/RCTI18nStrings.bundle/ar.lproj/fbt_language_pack.bin ... 
2024-11-21 09:07:36 +0000  1500 bytes for ./Payload/caveXpert.app/RCTI18nStrings.bundle/ar.lproj/fbt_language_pack.bin
2024-11-21 09:07:36 +0000  copying file ./Payload/caveXpert.app/RCTI18nStrings.bundle/el.lproj/Localizable.strings ... 
2024-11-21 09:07:36 +0000  64 bytes for ./Payload/caveXpert.app/RCTI18nStrings.bundle/el.lproj/Localizable.strings
2024-11-21 09:07:36 +0000  copying file ./Payload/caveXpert.app/RCTI18nStrings.bundle/el.lproj/fbt_language_pack.bin ... 
2024-11-21 09:07:36 +0000  1600 bytes for ./Payload/caveXpert.app/RCTI18nStrings.bundle/el.lproj/fbt_language_pack.bin
2024-11-21 09:07:36 +0000  copying file ./Payload/caveXpert.app/RCTI18nStrings.bundle/zh-Hans.lproj/Localizable.strings ... 
2024-11-21 09:07:36 +0000  64 bytes for ./Payload/caveXpert.app/RCTI18nStrings.bundle/zh-Hans.lproj/Localizable.strings
2024-11-21 09:07:36 +0000  copying file ./Payload/caveXpert.app/RCTI18nStrings.bundle/zh-Hans.lproj/fbt_language_pack.bin ... 
2024-11-21 09:07:36 +0000  1296 bytes for ./Payload/caveXpert.app/RCTI18nStrings.bundle/zh-Hans.lproj/fbt_language_pack.bin
2024-11-21 09:07:36 +0000  copying file ./Payload/caveXpert.app/RCTI18nStrings.bundle/ja.lproj/Localizable.strings ... 
2024-11-21 09:07:36 +0000  64 bytes for ./Payload/caveXpert.app/RCTI18nStrings.bundle/ja.lproj/Localizable.strings
2024-11-21 09:07:36 +0000  copying file ./Payload/caveXpert.app/RCTI18nStrings.bundle/ja.lproj/fbt_language_pack.bin ... 
2024-11-21 09:07:36 +0000  1436 bytes for ./Payload/caveXpert.app/RCTI18nStrings.bundle/ja.lproj/fbt_language_pack.bin
2024-11-21 09:07:36 +0000  copying file ./Payload/caveXpert.app/RCTI18nStrings.bundle/en.lproj/Localizable.strings ... 
2024-11-21 09:07:36 +0000  64 bytes for ./Payload/caveXpert.app/RCTI18nStrings.bundle/en.lproj/Localizable.strings
2024-11-21 09:07:36 +0000  copying file ./Payload/caveXpert.app/RCTI18nStrings.bundle/zh-Hant-HK.lproj/Localizable.strings ... 
2024-11-21 09:07:36 +0000  64 bytes for ./Payload/caveXpert.app/RCTI18nStrings.bundle/zh-Hant-HK.lproj/Localizable.strings
2024-11-21 09:07:36 +0000  copying file ./Payload/caveXpert.app/RCTI18nStrings.bundle/zh-Hant-HK.lproj/fbt_language_pack.bin ... 
2024-11-21 09:07:36 +0000  1296 bytes for ./Payload/caveXpert.app/RCTI18nStrings.bundle/zh-Hant-HK.lproj/fbt_language_pack.bin
2024-11-21 09:07:36 +0000  copying file ./Payload/caveXpert.app/RCTI18nStrings.bundle/uk.lproj/Localizable.strings ... 
2024-11-21 09:07:36 +0000  64 bytes for ./Payload/caveXpert.app/RCTI18nStrings.bundle/uk.lproj/Localizable.strings
2024-11-21 09:07:36 +0000  copying file ./Payload/caveXpert.app/RCTI18nStrings.bundle/uk.lproj/fbt_language_pack.bin ... 
2024-11-21 09:07:36 +0000  1564 bytes for ./Payload/caveXpert.app/RCTI18nStrings.bundle/uk.lproj/fbt_language_pack.bin
2024-11-21 09:07:36 +0000  copying file ./Payload/caveXpert.app/RCTI18nStrings.bundle/nb.lproj/Localizable.strings ... 
2024-11-21 09:07:36 +0000  64 bytes for ./Payload/caveXpert.app/RCTI18nStrings.bundle/nb.lproj/Localizable.strings
2024-11-21 09:07:36 +0000  copying file ./Payload/caveXpert.app/RCTI18nStrings.bundle/nb.lproj/fbt_language_pack.bin ... 
2024-11-21 09:07:36 +0000  1296 bytes for ./Payload/caveXpert.app/RCTI18nStrings.bundle/nb.lproj/fbt_language_pack.bin
2024-11-21 09:07:36 +0000  copying file ./Payload/caveXpert.app/RCTI18nStrings.bundle/en-GB.lproj/Localizable.strings ... 
2024-11-21 09:07:36 +0000  64 bytes for ./Payload/caveXpert.app/RCTI18nStrings.bundle/en-GB.lproj/Localizable.strings
2024-11-21 09:07:36 +0000  copying file ./Payload/caveXpert.app/RCTI18nStrings.bundle/en-GB.lproj/fbt_language_pack.bin ... 
2024-11-21 09:07:36 +0000  1268 bytes for ./Payload/caveXpert.app/RCTI18nStrings.bundle/en-GB.lproj/fbt_language_pack.bin
2024-11-21 09:07:36 +0000  copying file ./Payload/caveXpert.app/RCTI18nStrings.bundle/es.lproj/Localizable.strings ... 
2024-11-21 09:07:36 +0000  64 bytes for ./Payload/caveXpert.app/RCTI18nStrings.bundle/es.lproj/Localizable.strings
2024-11-21 09:07:36 +0000  copying file ./Payload/caveXpert.app/RCTI18nStrings.bundle/es.lproj/fbt_language_pack.bin ... 
2024-11-21 09:07:36 +0000  1364 bytes for ./Payload/caveXpert.app/RCTI18nStrings.bundle/es.lproj/fbt_language_pack.bin
2024-11-21 09:07:36 +0000  copying file ./Payload/caveXpert.app/RCTI18nStrings.bundle/da.lproj/Localizable.strings ... 
2024-11-21 09:07:36 +0000  64 bytes for ./Payload/caveXpert.app/RCTI18nStrings.bundle/da.lproj/Localizable.strings
2024-11-21 09:07:36 +0000  copying file ./Payload/caveXpert.app/RCTI18nStrings.bundle/da.lproj/fbt_language_pack.bin ... 
2024-11-21 09:07:36 +0000  1300 bytes for ./Payload/caveXpert.app/RCTI18nStrings.bundle/da.lproj/fbt_language_pack.bin
2024-11-21 09:07:36 +0000  copying file ./Payload/caveXpert.app/RCTI18nStrings.bundle/it.lproj/Localizable.strings ... 
2024-11-21 09:07:36 +0000  64 bytes for ./Payload/caveXpert.app/RCTI18nStrings.bundle/it.lproj/Localizable.strings
2024-11-21 09:07:36 +0000  copying file ./Payload/caveXpert.app/RCTI18nStrings.bundle/it.lproj/fbt_language_pack.bin ... 
2024-11-21 09:07:36 +0000  1388 bytes for ./Payload/caveXpert.app/RCTI18nStrings.bundle/it.lproj/fbt_language_pack.bin
2024-11-21 09:07:36 +0000  copying file ./Payload/caveXpert.app/RCTI18nStrings.bundle/sk.lproj/Localizable.strings ... 
2024-11-21 09:07:36 +0000  64 bytes for ./Payload/caveXpert.app/RCTI18nStrings.bundle/sk.lproj/Localizable.strings
2024-11-21 09:07:36 +0000  copying file ./Payload/caveXpert.app/RCTI18nStrings.bundle/sk.lproj/fbt_language_pack.bin ... 
2024-11-21 09:07:36 +0000  1356 bytes for ./Payload/caveXpert.app/RCTI18nStrings.bundle/sk.lproj/fbt_language_pack.bin
2024-11-21 09:07:36 +0000  copying file ./Payload/caveXpert.app/RCTI18nStrings.bundle/es-ES.lproj/Localizable.strings ... 
2024-11-21 09:07:36 +0000  64 bytes for ./Payload/caveXpert.app/RCTI18nStrings.bundle/es-ES.lproj/Localizable.strings
2024-11-21 09:07:36 +0000  copying file ./Payload/caveXpert.app/RCTI18nStrings.bundle/es-ES.lproj/fbt_language_pack.bin ... 
2024-11-21 09:07:36 +0000  1368 bytes for ./Payload/caveXpert.app/RCTI18nStrings.bundle/es-ES.lproj/fbt_language_pack.bin
2024-11-21 09:07:36 +0000  copying file ./Payload/caveXpert.app/RCTI18nStrings.bundle/ms.lproj/Localizable.strings ... 
2024-11-21 09:07:36 +0000  64 bytes for ./Payload/caveXpert.app/RCTI18nStrings.bundle/ms.lproj/Localizable.strings
2024-11-21 09:07:36 +0000  copying file ./Payload/caveXpert.app/RCTI18nStrings.bundle/ms.lproj/fbt_language_pack.bin ... 
2024-11-21 09:07:36 +0000  1292 bytes for ./Payload/caveXpert.app/RCTI18nStrings.bundle/ms.lproj/fbt_language_pack.bin
2024-11-21 09:07:36 +0000  copying file ./Payload/caveXpert.app/RCTI18nStrings.bundle/sv.lproj/Localizable.strings ... 
2024-11-21 09:07:36 +0000  64 bytes for ./Payload/caveXpert.app/RCTI18nStrings.bundle/sv.lproj/Localizable.strings
2024-11-21 09:07:36 +0000  copying file ./Payload/caveXpert.app/RCTI18nStrings.bundle/sv.lproj/fbt_language_pack.bin ... 
2024-11-21 09:07:36 +0000  1300 bytes for ./Payload/caveXpert.app/RCTI18nStrings.bundle/sv.lproj/fbt_language_pack.bin
2024-11-21 09:07:36 +0000  copying file ./Payload/caveXpert.app/RCTI18nStrings.bundle/cs.lproj/Localizable.strings ... 
2024-11-21 09:07:36 +0000  64 bytes for ./Payload/caveXpert.app/RCTI18nStrings.bundle/cs.lproj/Localizable.strings
2024-11-21 09:07:36 +0000  copying file ./Payload/caveXpert.app/RCTI18nStrings.bundle/cs.lproj/fbt_language_pack.bin ... 
2024-11-21 09:07:36 +0000  1368 bytes for ./Payload/caveXpert.app/RCTI18nStrings.bundle/cs.lproj/fbt_language_pack.bin
2024-11-21 09:07:36 +0000  copying file ./Payload/caveXpert.app/RCTI18nStrings.bundle/ko.lproj/Localizable.strings ... 
2024-11-21 09:07:36 +0000  64 bytes for ./Payload/caveXpert.app/RCTI18nStrings.bundle/ko.lproj/Localizable.strings
2024-11-21 09:07:36 +0000  copying file ./Payload/caveXpert.app/RCTI18nStrings.bundle/ko.lproj/fbt_language_pack.bin ... 
2024-11-21 09:07:36 +0000  1332 bytes for ./Payload/caveXpert.app/RCTI18nStrings.bundle/ko.lproj/fbt_language_pack.bin
2024-11-21 09:07:36 +0000  copying file ./Payload/caveXpert.app/RCTI18nStrings.bundle/zh-Hant.lproj/Localizable.strings ... 
2024-11-21 09:07:36 +0000  64 bytes for ./Payload/caveXpert.app/RCTI18nStrings.bundle/zh-Hant.lproj/Localizable.strings
2024-11-21 09:07:36 +0000  copying file ./Payload/caveXpert.app/RCTI18nStrings.bundle/zh-Hant.lproj/fbt_language_pack.bin ... 
2024-11-21 09:07:36 +0000  1308 bytes for ./Payload/caveXpert.app/RCTI18nStrings.bundle/zh-Hant.lproj/fbt_language_pack.bin
2024-11-21 09:07:36 +0000  copying file ./Payload/caveXpert.app/RCTI18nStrings.bundle/hu.lproj/Localizable.strings ... 
2024-11-21 09:07:36 +0000  64 bytes for ./Payload/caveXpert.app/RCTI18nStrings.bundle/hu.lproj/Localizable.strings
2024-11-21 09:07:36 +0000  copying file ./Payload/caveXpert.app/RCTI18nStrings.bundle/hu.lproj/fbt_language_pack.bin ... 
2024-11-21 09:07:36 +0000  1348 bytes for ./Payload/caveXpert.app/RCTI18nStrings.bundle/hu.lproj/fbt_language_pack.bin
2024-11-21 09:07:36 +0000  copying file ./Payload/caveXpert.app/RCTI18nStrings.bundle/tr.lproj/Localizable.strings ... 
2024-11-21 09:07:36 +0000  64 bytes for ./Payload/caveXpert.app/RCTI18nStrings.bundle/tr.lproj/Localizable.strings
2024-11-21 09:07:36 +0000  copying file ./Payload/caveXpert.app/RCTI18nStrings.bundle/tr.lproj/fbt_language_pack.bin ... 
2024-11-21 09:07:36 +0000  1360 bytes for ./Payload/caveXpert.app/RCTI18nStrings.bundle/tr.lproj/fbt_language_pack.bin
2024-11-21 09:07:36 +0000  copying file ./Payload/caveXpert.app/RCTI18nStrings.bundle/pl.lproj/Localizable.strings ... 
2024-11-21 09:07:36 +0000  64 bytes for ./Payload/caveXpert.app/RCTI18nStrings.bundle/pl.lproj/Localizable.strings
2024-11-21 09:07:36 +0000  copying file ./Payload/caveXpert.app/RCTI18nStrings.bundle/pl.lproj/fbt_language_pack.bin ... 
2024-11-21 09:07:36 +0000  1340 bytes for ./Payload/caveXpert.app/RCTI18nStrings.bundle/pl.lproj/fbt_language_pack.bin
2024-11-21 09:07:36 +0000  copying file ./Payload/caveXpert.app/RCTI18nStrings.bundle/vi.lproj/Localizable.strings ... 
2024-11-21 09:07:36 +0000  64 bytes for ./Payload/caveXpert.app/RCTI18nStrings.bundle/vi.lproj/Localizable.strings
2024-11-21 09:07:36 +0000  copying file ./Payload/caveXpert.app/RCTI18nStrings.bundle/vi.lproj/fbt_language_pack.bin ... 
2024-11-21 09:07:36 +0000  1352 bytes for ./Payload/caveXpert.app/RCTI18nStrings.bundle/vi.lproj/fbt_language_pack.bin
2024-11-21 09:07:36 +0000  copying file ./Payload/caveXpert.app/RCTI18nStrings.bundle/ru.lproj/Localizable.strings ... 
2024-11-21 09:07:36 +0000  64 bytes for ./Payload/caveXpert.app/RCTI18nStrings.bundle/ru.lproj/Localizable.strings
2024-11-21 09:07:36 +0000  copying file ./Payload/caveXpert.app/RCTI18nStrings.bundle/ru.lproj/fbt_language_pack.bin ... 
2024-11-21 09:07:36 +0000  1576 bytes for ./Payload/caveXpert.app/RCTI18nStrings.bundle/ru.lproj/fbt_language_pack.bin
2024-11-21 09:07:36 +0000  copying file ./Payload/caveXpert.app/RCTI18nStrings.bundle/fr.lproj/Localizable.strings ... 
2024-11-21 09:07:36 +0000  64 bytes for ./Payload/caveXpert.app/RCTI18nStrings.bundle/fr.lproj/Localizable.strings
2024-11-21 09:07:36 +0000  copying file ./Payload/caveXpert.app/RCTI18nStrings.bundle/fr.lproj/fbt_language_pack.bin ... 
2024-11-21 09:07:36 +0000  1360 bytes for ./Payload/caveXpert.app/RCTI18nStrings.bundle/fr.lproj/fbt_language_pack.bin
2024-11-21 09:07:36 +0000  copying file ./Payload/caveXpert.app/RCTI18nStrings.bundle/fi.lproj/Localizable.strings ... 
2024-11-21 09:07:36 +0000  64 bytes for ./Payload/caveXpert.app/RCTI18nStrings.bundle/fi.lproj/Localizable.strings
2024-11-21 09:07:36 +0000  copying file ./Payload/caveXpert.app/RCTI18nStrings.bundle/fi.lproj/fbt_language_pack.bin ... 
2024-11-21 09:07:36 +0000  1340 bytes for ./Payload/caveXpert.app/RCTI18nStrings.bundle/fi.lproj/fbt_language_pack.bin
2024-11-21 09:07:36 +0000  copying file ./Payload/caveXpert.app/RCTI18nStrings.bundle/id.lproj/Localizable.strings ... 
2024-11-21 09:07:36 +0000  64 bytes for ./Payload/caveXpert.app/RCTI18nStrings.bundle/id.lproj/Localizable.strings
copying file ./Payload/caveXpert.app/RCTI18nStrings.bundle/id.lproj/fbt_language_pack.bin ... 
2024-11-21 09:07:36 +0000  1300 bytes for ./Payload/caveXpert.app/RCTI18nStrings.bundle/id.lproj/fbt_language_pack.bin
2024-11-21 09:07:36 +0000  copying file ./Payload/caveXpert.app/RCTI18nStrings.bundle/nl.lproj/Localizable.strings ... 
2024-11-21 09:07:36 +0000  64 bytes for ./Payload/caveXpert.app/RCTI18nStrings.bundle/nl.lproj/Localizable.strings
2024-11-21 09:07:36 +0000  copying file ./Payload/caveXpert.app/RCTI18nStrings.bundle/nl.lproj/fbt_language_pack.bin ... 
2024-11-21 09:07:36 +0000  1324 bytes for ./Payload/caveXpert.app/RCTI18nStrings.bundle/nl.lproj/fbt_language_pack.bin
2024-11-21 09:07:36 +0000  copying file ./Payload/caveXpert.app/RCTI18nStrings.bundle/th.lproj/Localizable.strings ... 
2024-11-21 09:07:36 +0000  64 bytes for ./Payload/caveXpert.app/RCTI18nStrings.bundle/th.lproj/Localizable.strings
2024-11-21 09:07:36 +0000  copying file ./Payload/caveXpert.app/RCTI18nStrings.bundle/th.lproj/fbt_language_pack.bin ... 
2024-11-21 09:07:36 +0000  1784 bytes for ./Payload/caveXpert.app/RCTI18nStrings.bundle/th.lproj/fbt_language_pack.bin
2024-11-21 09:07:36 +0000  copying file ./Payload/caveXpert.app/RCTI18nStrings.bundle/pt.lproj/Localizable.strings ... 
2024-11-21 09:07:36 +0000  64 bytes for ./Payload/caveXpert.app/RCTI18nStrings.bundle/pt.lproj/Localizable.strings
2024-11-21 09:07:36 +0000  copying file ./Payload/caveXpert.app/RCTI18nStrings.bundle/pt.lproj/fbt_language_pack.bin ... 
2024-11-21 09:07:36 +0000  1356 bytes for ./Payload/caveXpert.app/RCTI18nStrings.bundle/pt.lproj/fbt_language_pack.bin
2024-11-21 09:07:36 +0000  copying file ./Payload/caveXpert.app/RCTI18nStrings.bundle/zu.lproj/Localizable.strings ... 
2024-11-21 09:07:36 +0000  64 bytes for ./Payload/caveXpert.app/RCTI18nStrings.bundle/zu.lproj/Localizable.strings
2024-11-21 09:07:36 +0000  copying file ./Payload/caveXpert.app/RCTI18nStrings.bundle/zu.lproj/fbt_language_pack.bin ... 
2024-11-21 09:07:36 +0000  2076 bytes for ./Payload/caveXpert.app/RCTI18nStrings.bundle/zu.lproj/fbt_language_pack.bin
2024-11-21 09:07:36 +0000  copying file ./Payload/caveXpert.app/RCTI18nStrings.bundle/pt-PT.lproj/Localizable.strings ... 
2024-11-21 09:07:36 +0000  64 bytes for ./Payload/caveXpert.app/RCTI18nStrings.bundle/pt-PT.lproj/Localizable.strings
2024-11-21 09:07:36 +0000  copying file ./Payload/caveXpert.app/RCTI18nStrings.bundle/pt-PT.lproj/fbt_language_pack.bin ... 
2024-11-21 09:07:36 +0000  1372 bytes for ./Payload/caveXpert.app/RCTI18nStrings.bundle/pt-PT.lproj/fbt_language_pack.bin
2024-11-21 09:07:36 +0000  copying file ./Payload/caveXpert.app/RCTI18nStrings.bundle/ro.lproj/Localizable.strings ... 
2024-11-21 09:07:36 +0000  64 bytes for ./Payload/caveXpert.app/RCTI18nStrings.bundle/ro.lproj/Localizable.strings
2024-11-21 09:07:36 +0000  copying file ./Payload/caveXpert.app/RCTI18nStrings.bundle/ro.lproj/fbt_language_pack.bin ... 
2024-11-21 09:07:36 +0000  1344 bytes for ./Payload/caveXpert.app/RCTI18nStrings.bundle/ro.lproj/fbt_language_pack.bin
2024-11-21 09:07:36 +0000  copying file ./Payload/caveXpert.app/RCTI18nStrings.bundle/Info.plist ... 
2024-11-21 09:07:36 +0000  773 bytes for ./Payload/caveXpert.app/RCTI18nStrings.bundle/Info.plist
2024-11-21 09:07:36 +0000  copying file ./Payload/caveXpert.app/RCTI18nStrings.bundle/hr.lproj/Localizable.strings ... 
2024-11-21 09:07:36 +0000  64 bytes for ./Payload/caveXpert.app/RCTI18nStrings.bundle/hr.lproj/Localizable.strings
2024-11-21 09:07:36 +0000  copying file ./Payload/caveXpert.app/RCTI18nStrings.bundle/hr.lproj/fbt_language_pack.bin ... 
2024-11-21 09:07:36 +0000  1352 bytes for ./Payload/caveXpert.app/RCTI18nStrings.bundle/hr.lproj/fbt_language_pack.bin
2024-11-21 09:07:36 +0000  copying file ./Payload/caveXpert.app/RCTI18nStrings.bundle/hi.lproj/Localizable.strings ... 
2024-11-21 09:07:36 +0000  64 bytes for ./Payload/caveXpert.app/RCTI18nStrings.bundle/hi.lproj/Localizable.strings
2024-11-21 09:07:36 +0000  copying file ./Payload/caveXpert.app/RCTI18nStrings.bundle/hi.lproj/fbt_language_pack.bin ... 
2024-11-21 09:07:36 +0000  1640 bytes for ./Payload/caveXpert.app/RCTI18nStrings.bundle/hi.lproj/fbt_language_pack.bin
2024-11-21 09:07:36 +0000  copying file ./Payload/caveXpert.app/FontAwesome6_Solid.ttf ... 
2024-11-21 09:07:36 +0000  394668 bytes for ./Payload/caveXpert.app/FontAwesome6_Solid.ttf
copying file ./Payload/caveXpert.app/PrivacyInfo.xcprivacy ... 
2024-11-21 09:07:36 +0000  986 bytes for ./Payload/caveXpert.app/PrivacyInfo.xcprivacy
2024-11-21 09:07:36 +0000  copying file ./Payload/caveXpert.app/LaunchScreen.storyboardc/01J-lp-oVM-view-Ze5-6b-2t3.nib ... 
2024-11-21 09:07:36 +0000  3817 bytes for ./Payload/caveXpert.app/LaunchScreen.storyboardc/01J-lp-oVM-view-Ze5-6b-2t3.nib
copying file ./Payload/caveXpert.app/LaunchScreen.storyboardc/UIViewController-01J-lp-oVM.nib ... 
2024-11-21 09:07:36 +0000  924 bytes for ./Payload/caveXpert.app/LaunchScreen.storyboardc/UIViewController-01J-lp-oVM.nib
copying file ./Payload/caveXpert.app/LaunchScreen.storyboardc/Info.plist ... 
2024-11-21 09:07:36 +0000  258 bytes for ./Payload/caveXpert.app/LaunchScreen.storyboardc/Info.plist
2024-11-21 09:07:36 +0000  copying file ./Payload/caveXpert.app/Frameworks/hermes.framework/_CodeSignature/CodeResources ... 
2024-11-21 09:07:36 +0000  1798 bytes for ./Payload/caveXpert.app/Frameworks/hermes.framework/_CodeSignature/CodeResources
copying file ./Payload/caveXpert.app/Frameworks/hermes.framework/hermes ... 
2024-11-21 09:07:36 +0000  4445216 bytes for ./Payload/caveXpert.app/Frameworks/hermes.framework/hermes
copying file ./Payload/caveXpert.app/Frameworks/hermes.framework/Info.plist ... 
2024-11-21 09:07:36 +0000  772 bytes for ./Payload/caveXpert.app/Frameworks/hermes.framework/Info.plist
copying file ./Payload/caveXpert.app/caveXpert ... 
2024-11-21 09:07:36 +0000  5431120 bytes for ./Payload/caveXpert.app/caveXpert
copying file ./Payload/caveXpert.app/SimpleLineIcons.ttf ... 
2024-11-21 09:07:36 +0000  54056 bytes for ./Payload/caveXpert.app/SimpleLineIcons.ttf
copying file ./Payload/caveXpert.app/FontAwesome6_Brands.ttf ... 
2024-11-21 09:07:36 +0000  189684 bytes for ./Payload/caveXpert.app/FontAwesome6_Brands.ttf
copying file ./Payload/caveXpert.app/embedded.mobileprovision ... 
2024-11-21 09:07:36 +0000  12459 bytes for ./Payload/caveXpert.app/embedded.mobileprovision
2024-11-21 09:07:36 +0000  copying file ./Payload/caveXpert.app/assets/node_modules/@react-navigation/elements/src/assets/back-icon@3x.png ... 
2024-11-21 09:07:36 +0000  761 bytes for ./Payload/caveXpert.app/assets/node_modules/@react-navigation/elements/src/assets/back-icon@3x.png
2024-11-21 09:07:36 +0000  copying file ./Payload/caveXpert.app/assets/node_modules/@react-navigation/elements/src/assets/back-icon@2x.png ... 
2024-11-21 09:07:36 +0000  405 bytes for ./Payload/caveXpert.app/assets/node_modules/@react-navigation/elements/src/assets/back-icon@2x.png
2024-11-21 09:07:36 +0000  copying file ./Payload/caveXpert.app/assets/node_modules/@react-navigation/elements/src/assets/back-icon.png ... 
2024-11-21 09:07:36 +0000  290 bytes for ./Payload/caveXpert.app/assets/node_modules/@react-navigation/elements/src/assets/back-icon.png
2024-11-21 09:07:36 +0000  copying file ./Payload/caveXpert.app/assets/node_modules/@react-navigation/elements/src/assets/back-icon-mask.png ... 
2024-11-21 09:07:36 +0000  913 bytes for ./Payload/caveXpert.app/assets/node_modules/@react-navigation/elements/src/assets/back-icon-mask.png
2024-11-21 09:07:36 +0000  copying file ./Payload/caveXpert.app/assets/node_modules/react-native-paper/lib/module/assets/back-chevron.png ... 
2024-11-21 09:07:36 +0000  489 bytes for ./Payload/caveXpert.app/assets/node_modules/react-native-paper/lib/module/assets/back-chevron.png
2024-11-21 09:07:36 +0000  copying file ./Payload/caveXpert.app/assets/node_modules/react-native-element-dropdown/src/assets/down.png ... 
2024-11-21 09:07:36 +0000  186 bytes for ./Payload/caveXpert.app/assets/node_modules/react-native-element-dropdown/src/assets/down.png
2024-11-21 09:07:36 +0000  copying file ./Payload/caveXpert.app/assets/node_modules/react-native-element-dropdown/src/assets/close.png ... 
2024-11-21 09:07:36 +0000  208 bytes for ./Payload/caveXpert.app/assets/node_modules/react-native-element-dropdown/src/assets/close.png
2024-11-21 09:07:36 +0000  copying file ./Payload/caveXpert.app/assets/src/assets/images/black_icon.png ... 
2024-11-21 09:07:36 +0000  20080 bytes for ./Payload/caveXpert.app/assets/src/assets/images/black_icon.png
copying file ./Payload/caveXpert.app/assets/src/assets/images/icon.png ... 
2024-11-21 09:07:36 +0000  9138 bytes for ./Payload/caveXpert.app/assets/src/assets/images/icon.png
2024-11-21 09:07:36 +0000  copying file ./Payload/caveXpert.app/assets/src/assets/images/closeicon.png ... 
2024-11-21 09:07:36 +0000  86984 bytes for ./Payload/caveXpert.app/assets/src/assets/images/closeicon.png
copying file ./Payload/caveXpert.app/assets/src/assets/images/badge_silver.png ... 
2024-11-21 09:07:36 +0000  271379 bytes for ./Payload/caveXpert.app/assets/src/assets/images/badge_silver.png
copying file ./Payload/caveXpert.app/assets/src/assets/images/badge_gold.png ... 
2024-11-21 09:07:36 +0000  128998 bytes for ./Payload/caveXpert.app/assets/src/assets/images/badge_gold.png
copying file ./Payload/caveXpert.app/assets/src/assets/images/intro1.png ... 
2024-11-21 09:07:36 +0000  230610 bytes for ./Payload/caveXpert.app/assets/src/assets/images/intro1.png
copying file ./Payload/caveXpert.app/assets/src/assets/images/new_logo.png ... 
2024-11-21 09:07:36 +0000  22127 bytes for ./Payload/caveXpert.app/assets/src/assets/images/new_logo.png
copying file ./Payload/caveXpert.app/assets/src/assets/images/intro2.png ... 
2024-11-21 09:07:36 +0000  102042 bytes for ./Payload/caveXpert.app/assets/src/assets/images/intro2.png
copying file ./Payload/caveXpert.app/assets/src/assets/images/intro3.png ... 
2024-11-21 09:07:36 +0000  308663 bytes for ./Payload/caveXpert.app/assets/src/assets/images/intro3.png
copying file ./Payload/caveXpert.app/assets/src/assets/images/logo.png ... 
2024-11-21 09:07:36 +0000  24179 bytes for ./Payload/caveXpert.app/assets/src/assets/images/logo.png
copying file ./Payload/caveXpert.app/assets/src/assets/images/logo_white.png ... 
2024-11-21 09:07:36 +0000  22388 bytes for ./Payload/caveXpert.app/assets/src/assets/images/logo_white.png
copying file ./Payload/caveXpert.app/assets/src/assets/images/rank.png ... 
2024-11-21 09:07:36 +0000  23872 bytes for ./Payload/caveXpert.app/assets/src/assets/images/rank.png
copying file ./Payload/caveXpert.app/assets/src/assets/images/profileimage.png ... 
2024-11-21 09:07:36 +0000  9767 bytes for ./Payload/caveXpert.app/assets/src/assets/images/profileimage.png
2024-11-21 09:07:36 +0000  copying file ./Payload/caveXpert.app/assets/src/assets/images/usericons/4.png ... 
2024-11-21 09:07:36 +0000  30821 bytes for ./Payload/caveXpert.app/assets/src/assets/images/usericons/4.png
copying file ./Payload/caveXpert.app/assets/src/assets/images/usericons/5.png ... 
2024-11-21 09:07:36 +0000  84054 bytes for ./Payload/caveXpert.app/assets/src/assets/images/usericons/5.png
copying file ./Payload/caveXpert.app/assets/src/assets/images/usericons/6.png ... 
2024-11-21 09:07:36 +0000  19332 bytes for ./Payload/caveXpert.app/assets/src/assets/images/usericons/6.png
copying file ./Payload/caveXpert.app/assets/src/assets/images/usericons/2.png ... 
2024-11-21 09:07:36 +0000  98857 bytes for ./Payload/caveXpert.app/assets/src/assets/images/usericons/2.png
copying file ./Payload/caveXpert.app/assets/src/assets/images/usericons/3.png ... 
2024-11-21 09:07:36 +0000  29510 bytes for ./Payload/caveXpert.app/assets/src/assets/images/usericons/3.png
copying file ./Payload/caveXpert.app/assets/src/assets/images/usericons/1.png ... 
2024-11-21 09:07:36 +0000  19090 bytes for ./Payload/caveXpert.app/assets/src/assets/images/usericons/1.png
2024-11-21 09:07:36 +0000  copying file ./Payload/caveXpert.app/assets/src/assets/images/badge_participation.png ... 
2024-11-21 09:07:36 +0000  60957 bytes for ./Payload/caveXpert.app/assets/src/assets/images/badge_participation.png
2024-11-21 09:07:36 +0000  copying file ./Payload/caveXpert.app/assets/src/assets/images/coin.png ... 
36639 bytes for ./Payload/caveXpert.app/assets/src/assets/images/coin.png
copying file ./Payload/caveXpert.app/assets/src/assets/images/badge_bronze.png ... 
2024-11-21 09:07:36 +0000  526446 bytes for ./Payload/caveXpert.app/assets/src/assets/images/badge_bronze.png
copying file ./Payload/caveXpert.app/assets/src/assets/images/bg.png ... 
2024-11-21 09:07:36 +0000  6437992 bytes for ./Payload/caveXpert.app/assets/src/assets/images/bg.png
2024-11-21 09:07:36 +0000  copying file ./Payload/caveXpert.app/Info.plist ... 
2024-11-21 09:07:36 +0000  1449 bytes for ./Payload/caveXpert.app/Info.plist
2024-11-21 09:07:36 +0000  copying file ./Payload/caveXpert.app/RNCAsyncStorage_resources.bundle/PrivacyInfo.xcprivacy ... 
2024-11-21 09:07:36 +0000  512 bytes for ./Payload/caveXpert.app/RNCAsyncStorage_resources.bundle/PrivacyInfo.xcprivacy
copying file ./Payload/caveXpert.app/RNCAsyncStorage_resources.bundle/Info.plist ... 
2024-11-21 09:07:36 +0000  795 bytes for ./Payload/caveXpert.app/RNCAsyncStorage_resources.bundle/Info.plist
2024-11-21 09:07:36 +0000  copying file ./Payload/caveXpert.app/PkgInfo ... 
2024-11-21 09:07:36 +0000  8 bytes for ./Payload/caveXpert.app/PkgInfo
copying file ./Payload/caveXpert.app/MaterialIcons.ttf ... 
2024-11-21 09:07:37 +0000  356840 bytes for ./Payload/caveXpert.app/MaterialIcons.ttf
2024-11-21 09:07:37 +0000  /usr/bin/ditto exited with 0
2024-11-21 09:07:37 +0000  Processing step: IDEDistributionAppStoreInformationStep
2024-11-21 09:07:37 +0000  Skipping step: IDEDistributionAppStoreInformationStep because it said so
2024-11-21 09:07:37 +0000  Processing step: IDEDistributionGenerateProcessedDistributionItems
2024-11-21 09:07:37 +0000  IDEDistributionItem init <DVTFilePath:0x60001456da00:'/var/folders/7p/fql85rjs0ng2wtgdc_7m4m38ystyd0/T/XcodeDistPipeline.~~~BmqqlC/Root/Payload/caveXpert.app/Frameworks/hermes.framework'>
2024-11-21 09:07:37 +0000  IDEDistributionItem init <DVTFilePath:0x60001455d180:'/var/folders/7p/fql85rjs0ng2wtgdc_7m4m38ystyd0/T/XcodeDistPipeline.~~~BmqqlC/Root/Payload/caveXpert.app'>
2024-11-21 09:07:37 +0000  Processing step: IDEDistributionCreateManifestStep
